../Core/Src/main.c:478:13:MX_DMA_Init	8	static
../Core/Src/main.c:491:13:MX_GPIO_Init	16	static
../Core/Src/main.c:509:6:Error_Handler	0	static,ignoring_inline_asm
../Core/Src/main.c:319:13:MX_TIM1_Init	120	static
../Core/Src/main.c:174:13:MX_ADC1_Init	24	static
../Core/Src/main.c:432:13:MX_USART1_UART_Init	8	static
../Core/Src/main.c:401:13:MX_TIM14_Init	8	static
../Core/Src/main.c:253:13:MX_RTC_Init	32	static
../Core/Src/main.c:129:6:SystemClock_Config	8	static
../Core/Src/main.c:79:5:main	8	static
