../Drivers/STM32C0xx_HAL_Driver/Inc/stm32c0xx_ll_adc.h:1750:22:LL_ADC_SetCommonPathInternalCh	16	static
../Drivers/STM32C0xx_HAL_Driver/Inc/stm32c0xx_ll_adc.h:1839:26:LL_ADC_GetCommonPathInternalCh	16	static
../Drivers/STM32C0xx_HAL_Driver/Inc/stm32c0xx_ll_adc.h:2209:22:LL_ADC_SetSamplingTimeCommonChannels	24	static
../Drivers/STM32C0xx_HAL_Driver/Inc/stm32c0xx_ll_adc.h:2242:26:LL_ADC_GetSamplingTimeCommonChannels	16	static
../Drivers/STM32C0xx_HAL_Driver/Inc/stm32c0xx_ll_adc.h:2340:26:LL_ADC_REG_IsTriggerSourceSWStart	16	static
../Drivers/STM32C0xx_HAL_Driver/Inc/stm32c0xx_ll_adc.h:2756:22:LL_ADC_REG_SetSequencerRanks	24	static
../Drivers/STM32C0xx_HAL_Driver/Inc/stm32c0xx_ll_adc.h:3046:22:LL_ADC_REG_SetSequencerChAdd	16	static
../Drivers/STM32C0xx_HAL_Driver/Inc/stm32c0xx_ll_adc.h:3147:22:LL_ADC_REG_SetSequencerChRem	16	static
../Drivers/STM32C0xx_HAL_Driver/Inc/stm32c0xx_ll_adc.h:3372:26:LL_ADC_REG_GetDMATransfer	16	static
../Drivers/STM32C0xx_HAL_Driver/Inc/stm32c0xx_ll_adc.h:3507:22:LL_ADC_SetChannelSamplingTime	24	static
../Drivers/STM32C0xx_HAL_Driver/Inc/stm32c0xx_ll_adc.h:3670:22:LL_ADC_SetAnalogWDMonitChannels	32	static
../Drivers/STM32C0xx_HAL_Driver/Inc/stm32c0xx_ll_adc.h:3894:22:LL_ADC_ConfigAnalogWDThresholds	32	static
../Drivers/STM32C0xx_HAL_Driver/Inc/stm32c0xx_ll_adc.h:4216:22:LL_ADC_EnableInternalRegulator	16	static
../Drivers/STM32C0xx_HAL_Driver/Inc/stm32c0xx_ll_adc.h:4235:22:LL_ADC_DisableInternalRegulator	16	static
../Drivers/STM32C0xx_HAL_Driver/Inc/stm32c0xx_ll_adc.h:4246:26:LL_ADC_IsInternalRegulatorEnabled	16	static
../Drivers/STM32C0xx_HAL_Driver/Inc/stm32c0xx_ll_adc.h:4267:22:LL_ADC_Enable	16	static
../Drivers/STM32C0xx_HAL_Driver/Inc/stm32c0xx_ll_adc.h:4287:22:LL_ADC_Disable	16	static
../Drivers/STM32C0xx_HAL_Driver/Inc/stm32c0xx_ll_adc.h:4306:26:LL_ADC_IsEnabled	16	static
../Drivers/STM32C0xx_HAL_Driver/Inc/stm32c0xx_ll_adc.h:4317:26:LL_ADC_IsDisableOngoing	16	static
../Drivers/STM32C0xx_HAL_Driver/Inc/stm32c0xx_ll_adc.h:4394:22:LL_ADC_REG_StartConversion	16	static
../Drivers/STM32C0xx_HAL_Driver/Inc/stm32c0xx_ll_adc.h:4414:22:LL_ADC_REG_StopConversion	16	static
../Drivers/STM32C0xx_HAL_Driver/Inc/stm32c0xx_ll_adc.h:4430:26:LL_ADC_REG_IsConversionOngoing	16	static
../Drivers/STM32C0xx_HAL_Driver/Inc/stm32c0xx_ll_adc.h:4732:22:LL_ADC_ClearFlag_AWD1	16	static
../Drivers/STM32C0xx_HAL_Driver/Inc/stm32c0xx_ll_adc.h:4744:22:LL_ADC_ClearFlag_AWD2	16	static
../Drivers/STM32C0xx_HAL_Driver/Inc/stm32c0xx_ll_adc.h:4755:22:LL_ADC_ClearFlag_AWD3	16	static
../Drivers/STM32C0xx_HAL_Driver/Inc/stm32c0xx_ll_adc.h:4851:22:LL_ADC_EnableIT_AWD1	16	static
../Drivers/STM32C0xx_HAL_Driver/Inc/stm32c0xx_ll_adc.h:4862:22:LL_ADC_EnableIT_AWD2	16	static
../Drivers/STM32C0xx_HAL_Driver/Inc/stm32c0xx_ll_adc.h:4873:22:LL_ADC_EnableIT_AWD3	16	static
../Drivers/STM32C0xx_HAL_Driver/Inc/stm32c0xx_ll_adc.h:4960:22:LL_ADC_DisableIT_AWD1	16	static
../Drivers/STM32C0xx_HAL_Driver/Inc/stm32c0xx_ll_adc.h:4971:22:LL_ADC_DisableIT_AWD2	16	static
../Drivers/STM32C0xx_HAL_Driver/Inc/stm32c0xx_ll_adc.h:4982:22:LL_ADC_DisableIT_AWD3	16	static
../Drivers/STM32C0xx_HAL_Driver/Src/stm32c0xx_hal_adc.c:387:19:HAL_ADC_Init	40	static
../Drivers/STM32C0xx_HAL_Driver/Src/stm32c0xx_hal_adc.c:759:19:HAL_ADC_DeInit	32	static
../Drivers/STM32C0xx_HAL_Driver/Src/stm32c0xx_hal_adc.c:888:13:HAL_ADC_MspInit	16	static
../Drivers/STM32C0xx_HAL_Driver/Src/stm32c0xx_hal_adc.c:905:13:HAL_ADC_MspDeInit	16	static
../Drivers/STM32C0xx_HAL_Driver/Src/stm32c0xx_hal_adc.c:1172:19:HAL_ADC_Start	32	static
../Drivers/STM32C0xx_HAL_Driver/Src/stm32c0xx_hal_adc.c:1242:19:HAL_ADC_Stop	32	static
../Drivers/STM32C0xx_HAL_Driver/Src/stm32c0xx_hal_adc.c:1296:19:HAL_ADC_PollForConversion	24	static
../Drivers/STM32C0xx_HAL_Driver/Src/stm32c0xx_hal_adc.c:1423:19:HAL_ADC_PollForEvent	32	static
../Drivers/STM32C0xx_HAL_Driver/Src/stm32c0xx_hal_adc.c:1550:19:HAL_ADC_Start_IT	32	static
../Drivers/STM32C0xx_HAL_Driver/Src/stm32c0xx_hal_adc.c:1644:19:HAL_ADC_Stop_IT	32	static
../Drivers/STM32C0xx_HAL_Driver/Src/stm32c0xx_hal_adc.c:1694:19:HAL_ADC_Start_DMA	40	static
../Drivers/STM32C0xx_HAL_Driver/Src/stm32c0xx_hal_adc.c:1792:19:HAL_ADC_Stop_DMA	32	static
../Drivers/STM32C0xx_HAL_Driver/Src/stm32c0xx_hal_adc.c:1876:10:HAL_ADC_GetValue	16	static
../Drivers/STM32C0xx_HAL_Driver/Src/stm32c0xx_hal_adc.c:1893:6:HAL_ADC_IRQHandler	32	static
../Drivers/STM32C0xx_HAL_Driver/Src/stm32c0xx_hal_adc.c:2102:13:HAL_ADC_ConvCpltCallback	16	static
../Drivers/STM32C0xx_HAL_Driver/Src/stm32c0xx_hal_adc.c:2117:13:HAL_ADC_ConvHalfCpltCallback	16	static
../Drivers/STM32C0xx_HAL_Driver/Src/stm32c0xx_hal_adc.c:2132:13:HAL_ADC_LevelOutOfWindowCallback	16	static
../Drivers/STM32C0xx_HAL_Driver/Src/stm32c0xx_hal_adc.c:2154:13:HAL_ADC_ErrorCallback	16	static
../Drivers/STM32C0xx_HAL_Driver/Src/stm32c0xx_hal_adc.c:2200:19:HAL_ADC_ConfigChannel	32	static
../Drivers/STM32C0xx_HAL_Driver/Src/stm32c0xx_hal_adc.c:2400:19:HAL_ADC_AnalogWDGConfig	40	static
../Drivers/STM32C0xx_HAL_Driver/Src/stm32c0xx_hal_adc.c:2642:10:HAL_ADC_GetState	16	static
../Drivers/STM32C0xx_HAL_Driver/Src/stm32c0xx_hal_adc.c:2656:10:HAL_ADC_GetError	16	static
../Drivers/STM32C0xx_HAL_Driver/Src/stm32c0xx_hal_adc.c:2683:19:ADC_ConversionStop	24	static
../Drivers/STM32C0xx_HAL_Driver/Src/stm32c0xx_hal_adc.c:2733:19:ADC_Enable	24	static
../Drivers/STM32C0xx_HAL_Driver/Src/stm32c0xx_hal_adc.c:2820:19:ADC_Disable	24	static
../Drivers/STM32C0xx_HAL_Driver/Src/stm32c0xx_hal_adc.c:2878:13:ADC_DMAConvCplt	24	static
../Drivers/STM32C0xx_HAL_Driver/Src/stm32c0xx_hal_adc.c:2956:13:ADC_DMAHalfConvCplt	24	static
../Drivers/STM32C0xx_HAL_Driver/Src/stm32c0xx_hal_adc.c:2974:13:ADC_DMAError	24	static
