../Core/Src/stm32c0xx_hal_msp.c:68:6:HAL_MspInit	8	static
../Core/Src/stm32c0xx_hal_msp.c:90:6:HAL_ADC_MspInit	40	static
../Core/Src/stm32c0xx_hal_msp.c:143:6:HAL_ADC_MspDeInit	8	static
../Core/Src/stm32c0xx_hal_msp.c:173:6:HAL_RTC_MspInit	8	static
../Core/Src/stm32c0xx_hal_msp.c:222:6:HAL_RTC_MspDeInit	0	static
../Core/Src/stm32c0xx_hal_msp.c:245:6:HAL_TIM_Base_MspInit	16	static
../Core/Src/stm32c0xx_hal_msp.c:275:6:HAL_TIM_MspPostInit	32	static
../Core/Src/stm32c0xx_hal_msp.c:307:6:HAL_TIM_Base_MspDeInit	8	static
../Core/Src/stm32c0xx_hal_msp.c:343:6:HAL_UART_MspInit	40	static
../Core/Src/stm32c0xx_hal_msp.c:399:6:HAL_UART_MspDeInit	8	static
