Archive member included to satisfy reference by file (symbol)

c:/st/stm32cubeide_1.10.1/stm32cubeide/plugins/com.st.stm32cube.ide.mcu.externaltools.gnu-tools-for-stm32.10.3-2021.10.win32_1.0.0.202111181127/tools/bin/../lib/gcc/arm-none-eabi/10.3.1/../../../../arm-none-eabi/lib/thumb/v6-m/nofp\libc_nano.a(lib_a-errno.o)
                              ./Core/Src/syscalls.o (__errno)
c:/st/stm32cubeide_1.10.1/stm32cubeide/plugins/com.st.stm32cube.ide.mcu.externaltools.gnu-tools-for-stm32.10.3-2021.10.win32_1.0.0.202111181127/tools/bin/../lib/gcc/arm-none-eabi/10.3.1/../../../../arm-none-eabi/lib/thumb/v6-m/nofp\libc_nano.a(lib_a-exit.o)
                              c:/st/stm32cubeide_1.10.1/stm32cubeide/plugins/com.st.stm32cube.ide.mcu.externaltools.gnu-tools-for-stm32.10.3-2021.10.win32_1.0.0.202111181127/tools/bin/../lib/gcc/arm-none-eabi/10.3.1/../../../../arm-none-eabi/lib/thumb/v6-m/nofp/crt0.o (exit)
c:/st/stm32cubeide_1.10.1/stm32cubeide/plugins/com.st.stm32cube.ide.mcu.externaltools.gnu-tools-for-stm32.10.3-2021.10.win32_1.0.0.202111181127/tools/bin/../lib/gcc/arm-none-eabi/10.3.1/../../../../arm-none-eabi/lib/thumb/v6-m/nofp\libc_nano.a(lib_a-impure.o)
                              c:/st/stm32cubeide_1.10.1/stm32cubeide/plugins/com.st.stm32cube.ide.mcu.externaltools.gnu-tools-for-stm32.10.3-2021.10.win32_1.0.0.202111181127/tools/bin/../lib/gcc/arm-none-eabi/10.3.1/../../../../arm-none-eabi/lib/thumb/v6-m/nofp\libc_nano.a(lib_a-exit.o) (_global_impure_ptr)
c:/st/stm32cubeide_1.10.1/stm32cubeide/plugins/com.st.stm32cube.ide.mcu.externaltools.gnu-tools-for-stm32.10.3-2021.10.win32_1.0.0.202111181127/tools/bin/../lib/gcc/arm-none-eabi/10.3.1/../../../../arm-none-eabi/lib/thumb/v6-m/nofp\libc_nano.a(lib_a-init.o)
                              c:/st/stm32cubeide_1.10.1/stm32cubeide/plugins/com.st.stm32cube.ide.mcu.externaltools.gnu-tools-for-stm32.10.3-2021.10.win32_1.0.0.202111181127/tools/bin/../lib/gcc/arm-none-eabi/10.3.1/../../../../arm-none-eabi/lib/thumb/v6-m/nofp/crt0.o (__libc_init_array)
c:/st/stm32cubeide_1.10.1/stm32cubeide/plugins/com.st.stm32cube.ide.mcu.externaltools.gnu-tools-for-stm32.10.3-2021.10.win32_1.0.0.202111181127/tools/bin/../lib/gcc/arm-none-eabi/10.3.1/../../../../arm-none-eabi/lib/thumb/v6-m/nofp\libc_nano.a(lib_a-memset.o)
                              c:/st/stm32cubeide_1.10.1/stm32cubeide/plugins/com.st.stm32cube.ide.mcu.externaltools.gnu-tools-for-stm32.10.3-2021.10.win32_1.0.0.202111181127/tools/bin/../lib/gcc/arm-none-eabi/10.3.1/../../../../arm-none-eabi/lib/thumb/v6-m/nofp/crt0.o (memset)
c:/st/stm32cubeide_1.10.1/stm32cubeide/plugins/com.st.stm32cube.ide.mcu.externaltools.gnu-tools-for-stm32.10.3-2021.10.win32_1.0.0.202111181127/tools/bin/../lib/gcc/arm-none-eabi/10.3.1/../../../../arm-none-eabi/lib/thumb/v6-m/nofp\libc_nano.a(lib_a-strcmp.o)
                              ./App/src/cli.o (strcmp)
c:/st/stm32cubeide_1.10.1/stm32cubeide/plugins/com.st.stm32cube.ide.mcu.externaltools.gnu-tools-for-stm32.10.3-2021.10.win32_1.0.0.202111181127/tools/bin/../lib/gcc/arm-none-eabi/10.3.1/../../../../arm-none-eabi/lib/thumb/v6-m/nofp\libc_nano.a(lib_a-strncpy.o)
                              ./App/src/cli.o (strncpy)
c:/st/stm32cubeide_1.10.1/stm32cubeide/plugins/com.st.stm32cube.ide.mcu.externaltools.gnu-tools-for-stm32.10.3-2021.10.win32_1.0.0.202111181127/tools/bin/../lib/gcc/arm-none-eabi/10.3.1/../../../../arm-none-eabi/lib/thumb/v6-m/nofp\libc_nano.a(lib_a-strtok_r.o)
                              ./App/src/cli.o (strtok_r)
c:/st/stm32cubeide_1.10.1/stm32cubeide/plugins/com.st.stm32cube.ide.mcu.externaltools.gnu-tools-for-stm32.10.3-2021.10.win32_1.0.0.202111181127/tools/bin/../lib/gcc/arm-none-eabi/10.3.1/../../../../arm-none-eabi/lib/thumb/v6-m/nofp\libc_nano.a(lib_a-strtoul.o)
                              ./App/src/cli.o (strtoul)
c:/st/stm32cubeide_1.10.1/stm32cubeide/plugins/com.st.stm32cube.ide.mcu.externaltools.gnu-tools-for-stm32.10.3-2021.10.win32_1.0.0.202111181127/tools/bin/../lib/gcc/arm-none-eabi/10.3.1/../../../../arm-none-eabi/lib/thumb/v6-m/nofp\libc_nano.a(lib_a-vsnprintf.o)
                              ./App/src/uart.o (vsnprintf)
c:/st/stm32cubeide_1.10.1/stm32cubeide/plugins/com.st.stm32cube.ide.mcu.externaltools.gnu-tools-for-stm32.10.3-2021.10.win32_1.0.0.202111181127/tools/bin/../lib/gcc/arm-none-eabi/10.3.1/../../../../arm-none-eabi/lib/thumb/v6-m/nofp\libc_nano.a(lib_a-ctype_.o)
                              c:/st/stm32cubeide_1.10.1/stm32cubeide/plugins/com.st.stm32cube.ide.mcu.externaltools.gnu-tools-for-stm32.10.3-2021.10.win32_1.0.0.202111181127/tools/bin/../lib/gcc/arm-none-eabi/10.3.1/../../../../arm-none-eabi/lib/thumb/v6-m/nofp\libc_nano.a(lib_a-strtoul.o) (_ctype_)
c:/st/stm32cubeide_1.10.1/stm32cubeide/plugins/com.st.stm32cube.ide.mcu.externaltools.gnu-tools-for-stm32.10.3-2021.10.win32_1.0.0.202111181127/tools/bin/../lib/gcc/arm-none-eabi/10.3.1/../../../../arm-none-eabi/lib/thumb/v6-m/nofp\libc_nano.a(lib_a-nano-svfprintf.o)
[...]
Memory Configuration

Name             Origin             Length             Attributes
RAM              0x0000000020000000 0x0000000000003000 xrw
FLASH            0x0000000008000000 0x0000000000008000 xr
*default*        0x0000000000000000 0xffffffffffffffff

Linker script and memory map

LOAD c:/st/stm32cubeide_1.10.1/stm32cubeide/plugins/com.st.stm32cube.ide.mcu.externaltools.gnu-tools-for-stm32.10.3-2021.10.win32_1.0.0.202111181127/tools/bin/../lib/gcc/arm-none-eabi/10.3.1/thumb/v6-m/nofp/crti.o
LOAD c:/st/stm32cubeide_1.10.1/stm32cubeide/plugins/com.st.stm32cube.ide.mcu.externaltools.gnu-tools-for-stm32.10.3-2021.10.win32_1.0.0.202111181127/tools/bin/../lib/gcc/arm-none-eabi/10.3.1/thumb/v6-m/nofp/crtbegin.o
LOAD c:/st/stm32cubeide_1.10.1/stm32cubeide/plugins/com.st.stm32cube.ide.mcu.externaltools.gnu-tools-for-stm32.10.3-2021.10.win32_1.0.0.202111181127/tools/bin/../lib/gcc/arm-none-eabi/10.3.1/../../../../arm-none-eabi/lib/thumb/v6-m/nofp/crt0.o
LOAD ./App/ap.o
LOAD ./App/src/adc.o
LOAD ./App/src/button.o
LOAD ./App/src/cli.o
LOAD ./App/src/led.o
LOAD ./App/src/pwm.o
LOAD ./App/src/rtc.o
LOAD ./App/src/swtimer.o
LOAD ./App/src/uart.o
LOAD ./App/src/utils.o
LOAD ./Core/Src/main.o
LOAD ./Core/Src/stm32c0xx_hal_msp.o
LOAD ./Core/Src/stm32c0xx_it.o
LOAD ./Core/Src/syscalls.o
LOAD ./Core/Src/sysmem.o
LOAD ./Core/Src/system_stm32c0xx.o
LOAD ./Core/Startup/startup_stm32c031c6tx.o
LOAD ./Drivers/STM32C0xx_HAL_Driver/Src/stm32c0xx_hal.o
LOAD ./Drivers/STM32C0xx_HAL_Driver/Src/stm32c0xx_hal_adc.o
LOAD ./Drivers/STM32C0xx_HAL_Driver/Src/stm32c0xx_hal_adc_ex.o
LOAD ./Drivers/STM32C0xx_HAL_Driver/Src/stm32c0xx_hal_cortex.o
LOAD ./Drivers/STM32C0xx_HAL_Driver/Src/stm32c0xx_hal_dma.o
LOAD ./Drivers/STM32C0xx_HAL_Driver/Src/stm32c0xx_hal_dma_ex.o
LOAD ./Drivers/STM32C0xx_HAL_Driver/Src/stm32c0xx_hal_exti.o
LOAD ./Drivers/STM32C0xx_HAL_Driver/Src/stm32c0xx_hal_flash.o
LOAD ./Drivers/STM32C0xx_HAL_Driver/Src/stm32c0xx_hal_flash_ex.o
LOAD ./Drivers/STM32C0xx_HAL_Driver/Src/stm32c0xx_hal_gpio.o
LOAD ./Drivers/STM32C0xx_HAL_Driver/Src/stm32c0xx_hal_pwr.o
LOAD ./Drivers/STM32C0xx_HAL_Driver/Src/stm32c0xx_hal_pwr_ex.o
LOAD ./Drivers/STM32C0xx_HAL_Driver/Src/stm32c0xx_hal_rcc.o
LOAD ./Drivers/STM32C0xx_HAL_Driver/Src/stm32c0xx_hal_rcc_ex.o
LOAD ./Drivers/STM32C0xx_HAL_Driver/Src/stm32c0xx_hal_rtc.o
LOAD ./Drivers/STM32C0xx_HAL_Driver/Src/stm32c0xx_hal_rtc_ex.o
LOAD ./Drivers/STM32C0xx_HAL_Driver/Src/stm32c0xx_hal_tim.o
LOAD ./Drivers/STM32C0xx_HAL_Driver/Src/stm32c0xx_hal_tim_ex.o
LOAD ./Drivers/STM32C0xx_HAL_Driver/Src/stm32c0xx_hal_uart.o
LOAD ./Drivers/STM32C0xx_HAL_Driver/Src/stm32c0xx_hal_uart_ex.o
LOAD ./Drivers/STM32C0xx_HAL_Driver/Src/stm32c0xx_ll_exti.o
LOAD ./Drivers/STM32C0xx_HAL_Driver/Src/stm32c0xx_ll_rcc.o
LOAD ./Drivers/STM32C0xx_HAL_Driver/Src/stm32c0xx_ll_utils.o
START GROUP
LOAD c:/st/stm32cubeide_1.10.1/stm32cubeide/plugins/com.st.stm32cube.ide.mcu.externaltools.gnu-tools-for-stm32.10.3-2021.10.win32_1.0.0.202111181127/tools/bin/../lib/gcc/arm-none-eabi/10.3.1/../../../../arm-none-eabi/lib/thumb/v6-m/nofp\libc_nano.a
LOAD c:/st/stm32cubeide_1.10.1/stm32cubeide/plugins/com.st.stm32cube.ide.mcu.externaltools.gnu-tools-for-stm32.10.3-2021.10.win32_1.0.0.202111181127/tools/bin/../lib/gcc/arm-none-eabi/10.3.1/../../../../arm-none-eabi/lib/thumb/v6-m/nofp\libm.a
END GROUP
START GROUP
LOAD c:/st/stm32cubeide_1.10.1/stm32cubeide/plugins/com.st.stm32cube.ide.mcu.externaltools.gnu-tools-for-stm32.10.3-2021.10.win32_1.0.0.202111181127/tools/bin/../lib/gcc/arm-none-eabi/10.3.1/thumb/v6-m/nofp\libgcc.a
LOAD c:/st/stm32cubeide_1.10.1/stm32cubeide/plugins/com.st.stm32cube.ide.mcu.externaltools.gnu-tools-for-stm32.10.3-2021.10.win32_1.0.0.202111181127/tools/bin/../lib/gcc/arm-none-eabi/10.3.1/../../../../arm-none-eabi/lib/thumb/v6-m/nofp\libc_nano.a
END GROUP
START GROUP
LOAD c:/st/stm32cubeide_1.10.1/stm32cubeide/plugins/com.st.stm32cube.ide.mcu.externaltools.gnu-tools-for-stm32.10.3-2021.10.win32_1.0.0.202111181127/tools/bin/../lib/gcc/arm-none-eabi/10.3.1/thumb/v6-m/nofp\libgcc.a
LOAD c:/st/stm32cubeide_1.10.1/stm32cubeide/plugins/com.st.stm32cube.ide.mcu.externaltools.gnu-tools-for-stm32.10.3-2021.10.win32_1.0.0.202111181127/tools/bin/../lib/gcc/arm-none-eabi/10.3.1/../../../../arm-none-eabi/lib/thumb/v6-m/nofp\libc_nano.a
LOAD c:/st/stm32cubeide_1.10.1/stm32cubeide/plugins/com.st.stm32cube.ide.mcu.externaltools.gnu-tools-for-stm32.10.3-2021.10.win32_1.0.0.202111181127/tools/bin/../lib/gcc/arm-none-eabi/10.3.1/../../../../arm-none-eabi/lib/thumb/v6-m/nofp\libnosys.a
END GROUP
START GROUP
LOAD c:/st/stm32cubeide_1.10.1/stm32cubeide/plugins/com.st.stm32cube.ide.mcu.externaltools.gnu-tools-for-stm32.10.3-2021.10.win32_1.0.0.202111181127/tools/bin/../lib/gcc/arm-none-eabi/10.3.1/thumb/v6-m/nofp\libgcc.a
LOAD c:/st/stm32cubeide_1.10.1/stm32cubeide/plugins/com.st.stm32cube.ide.mcu.externaltools.gnu-tools-for-stm32.10.3-2021.10.win32_1.0.0.202111181127/tools/bin/../lib/gcc/arm-none-eabi/10.3.1/../../../../arm-none-eabi/lib/thumb/v6-m/nofp\libc_nano.a
LOAD c:/st/stm32cubeide_1.10.1/stm32cubeide/plugins/com.st.stm32cube.ide.mcu.externaltools.gnu-tools-for-stm32.10.3-2021.10.win32_1.0.0.202111181127/tools/bin/../lib/gcc/arm-none-eabi/10.3.1/../../../../arm-none-eabi/lib/thumb/v6-m/nofp\libnosys.a
END GROUP
LOAD c:/st/stm32cubeide_1.10.1/stm32cubeide/plugins/com.st.stm32cube.ide.mcu.externaltools.gnu-tools-for-stm32.10.3-2021.10.win32_1.0.0.202111181127/tools/bin/../lib/gcc/arm-none-eabi/10.3.1/thumb/v6-m/nofp/crtend.o
LOAD c:/st/stm32cubeide_1.10.1/stm32cubeide/plugins/com.st.stm32cube.ide.mcu.externaltools.gnu-tools-for-stm32.10.3-2021.10.win32_1.0.0.202111181127/tools/bin/../lib/gcc/arm-none-eabi/10.3.1/thumb/v6-m/nofp/crtn.o
                0x0000000020003000                _estack = (ORIGIN (RAM) + LENGTH (RAM))
                0x0000000000000200                _Min_Heap_Size = 0x200
                0x0000000000000400                _Min_Stack_Size = 0x400

.isr_vector     0x0000000008000000       0xc0
                0x0000000008000000                . = ALIGN (0x4)
 *(.isr_vector)
 .isr_vector    0x0000000008000000       0xc0 ./Core/Startup/startup_stm32c031c6tx.o
                0x0000000008000000                g_pfnVectors
                0x00000000080000c0                . = ALIGN (0x4)

.text           0x00000000080000c0     0x46e8
                0x00000000080000c0                . = ALIGN (0x4)
 *(.text)
 .text          0x00000000080000c0       0x48 c:/st/stm32cubeide_1.10.1/stm32cubeide/plugins/com.st.stm32cube.ide.mcu.externaltools.gnu-tools-for-stm32.10.3-2021.10.win32_1.0.0.202111181127/tools/bin/../lib/gcc/arm-none-eabi/10.3.1/thumb/v6-m/nofp/crtbegin.o
 .text          0x0000000008000108       0x14 c:/st/stm32cubeide_1.10.1/stm32cubeide/plugins/com.st.stm32cube.ide.mcu.externaltools.gnu-tools-for-stm32.10.3-2021.10.win32_1.0.0.202111181127/tools/bin/../lib/gcc/arm-none-eabi/10.3.1/../../../../arm-none-eabi/lib/thumb/v6-m/nofp\libc_nano.a(lib_a-strcmp.o)
                0x0000000008000108                strcmp
 .text          0x000000000800011c       0x14 c:/st/stm32cubeide_1.10.1/stm32cubeide/plugins/com.st.stm32cube.ide.mcu.externaltools.gnu-tools-for-stm32.10.3-2021.10.win32_1.0.0.202111181127/tools/bin/../lib/gcc/arm-none-eabi/10.3.1/thumb/v6-m/nofp\libgcc.a(_thumb1_case_shi.o)
                0x000000000800011c                __gnu_thumb1_case_shi
 .text          0x0000000008000130      0x114 c:/st/stm32cubeide_1.10.1/stm32cubeide/plugins/com.st.stm32cube.ide.mcu.externaltools.gnu-tools-for-stm32.10.3-2021.10.win32_1.0.0.202111181127/tools/bin/../lib/gcc/arm-none-eabi/10.3.1/thumb/v6-m/nofp\libgcc.a(_udivsi3.o)
                0x0000000008000130                __aeabi_uidiv
                0x0000000008000130                __udivsi3
                0x000000000800023c                __aeabi_uidivmod
 .text          0x0000000008000244      0x1d4 c:/st/stm32cubeide_1.10.1/stm32cubeide/plugins/com.st.stm32cube.ide.mcu.externaltools.gnu-tools-for-stm32.10.3-2021.10.win32_1.0.0.202111181127/tools/bin/../lib/gcc/arm-none-eabi/10.3.1/thumb/v6-m/nofp\libgcc.a(_divsi3.o)
                0x0000000008000244                __divsi3
                0x0000000008000244                __aeabi_idiv
                0x0000000008000410                __aeabi_idivmod
 .text          0x0000000008000418        0x4 c:/st/stm32cubeide_1.10.1/stm32cubeide/plugins/com.st.stm32cube.ide.mcu.externaltools.gnu-tools-for-stm32.10.3-2021.10.win32_1.0.0.202111181127/tools/bin/../lib/gcc/arm-none-eabi/10.3.1/thumb/v6-m/nofp\libgcc.a(_dvmd_tls.o)
                0x0000000008000418                __aeabi_idiv0
                0x0000000008000418                __aeabi_ldiv0
 *(.text*)
 .text.ledISR   0x000000000800041c        0xa ./App/ap.o
                0x000000000800041c                ledISR
 *fill*         0x0000000008000426        0x2 
 .text.infoCli  0x0000000008000428       0xe8 ./App/ap.o
 .text.apInit   0x0000000008000510       0x68 ./App/ap.o
                0x0000000008000510                apInit
 .text.apMain   0x0000000008000578       0x2c ./App/ap.o
                0x0000000008000578                apMain
 .text.adcInit  0x00000000080005a4       0x20 ./App/src/adc.o
                0x00000000080005a4                adcInit
 .text.adcRead  0x00000000080005c4        0xc ./App/src/adc.o
                0x00000000080005c4                adcRead
 .text.adcReadVoltage
                0x00000000080005d0       0x16 ./App/src/adc.o
                0x00000000080005d0                adcReadVoltage
 .text.buttonInit
                0x00000000080005e6        0x4 ./App/src/button.o
                0x00000000080005e6                buttonInit
 *fill*         0x00000000080005ea        0x2 
 .text.buttonGetPressed
                0x00000000080005ec       0x38 ./App/src/button.o
                0x00000000080005ec                buttonGetPressed
 .text.cliAdd   0x0000000008000624       0x40 ./App/src/cli.o
                0x0000000008000624                cliAdd
 .text.cliInit  0x0000000008000664       0x34 ./App/src/cli.o
                0x0000000008000664                cliInit
 .text.cliPrintf
                0x0000000008000698       0x1a ./App/src/cli.o
                0x0000000008000698                cliPrintf
 *fill*         0x00000000080006b2        0x2 
 .text.cliHelp  0x00000000080006b4       0x40 ./App/src/cli.o
 .text.cliIsStr
                0x00000000080006f4       0x12 ./App/src/cli.o
                0x00000000080006f4                cliIsStr
 .text.cliGetData
                0x0000000008000706        0xc ./App/src/cli.o
                0x0000000008000706                cliGetData
 .text.cliKeepLoop
                0x0000000008000712       0x14 ./App/src/cli.o
                0x0000000008000712                cliKeepLoop
 *fill*         0x0000000008000726        0x2 
 .text.cliMain  0x0000000008000728       0xf8 ./App/src/cli.o
                0x0000000008000728                cliMain
 .text.ledInit  0x0000000008000820        0x4 ./App/src/led.o
                0x0000000008000820                ledInit
 .text.ledOn    0x0000000008000824       0x1c ./App/src/led.o
                0x0000000008000824                ledOn
 .text.ledOff   0x0000000008000840       0x10 ./App/src/led.o
                0x0000000008000840                ledOff
 .text.ledToggle
                0x0000000008000850       0x20 ./App/src/led.o
                0x0000000008000850                ledToggle
 .text.ledSetDuty
                0x0000000008000870       0x10 ./App/src/led.o
                0x0000000008000870                ledSetDuty
 .text.pwmInit  0x0000000008000880       0x14 ./App/src/pwm.o
                0x0000000008000880                pwmInit
 .text.pwmWrite
                0x0000000008000894       0x10 ./App/src/pwm.o
                0x0000000008000894                pwmWrite
 .text.pwmRead  0x00000000080008a4       0x18 ./App/src/pwm.o
                0x00000000080008a4                pwmRead
 .text.rtcInit  0x00000000080008bc       0x18 ./App/src/rtc.o
                0x00000000080008bc                rtcInit
 .text.rtcGetInfo
                0x00000000080008d4       0x64 ./App/src/rtc.o
                0x00000000080008d4                rtcGetInfo
 .text.rtcSetTime
                0x0000000008000938       0x60 ./App/src/rtc.o
                0x0000000008000938                rtcSetTime
 .text.rtcSetDate
                0x0000000008000998       0x64 ./App/src/rtc.o
                0x0000000008000998                rtcSetDate
 .text.rtcCli   0x00000000080009fc      0x148 ./App/src/rtc.o
 .text.swtimerInit
                0x0000000008000b44       0x34 ./App/src/swtimer.o
                0x0000000008000b44                swtimerInit
 .text.swtimerGetCh
                0x0000000008000b78       0x1c ./App/src/swtimer.o
                0x0000000008000b78                swtimerGetCh
 .text.swtimerSet
                0x0000000008000b94       0x30 ./App/src/swtimer.o
                0x0000000008000b94                swtimerSet
 .text.swtimerStart
                0x0000000008000bc4       0x28 ./App/src/swtimer.o
                0x0000000008000bc4                swtimerStart
 .text.swtimerISR
                0x0000000008000bec       0x70 ./App/src/swtimer.o
                0x0000000008000bec                swtimerISR
 .text.HAL_TIM_PeriodElapsedCallback
                0x0000000008000c5c       0x14 ./App/src/swtimer.o
                0x0000000008000c5c                HAL_TIM_PeriodElapsedCallback
 .text.uartInit
                0x0000000008000c70       0x1c ./App/src/uart.o
                0x0000000008000c70                uartInit
 .text.uartWrite
                0x0000000008000c8c       0x28 ./App/src/uart.o
                0x0000000008000c8c                uartWrite
 .text.uartAvailable
                0x0000000008000cb4       0x40 ./App/src/uart.o
                0x0000000008000cb4                uartAvailable
 .text.uartRead
                0x0000000008000cf4       0x30 ./App/src/uart.o
                0x0000000008000cf4                uartRead
 .text.uartPrintf
                0x0000000008000d24       0x32 ./App/src/uart.o
                0x0000000008000d24                uartPrintf
 .text.uartVPrintf
                0x0000000008000d56       0x28 ./App/src/uart.o
                0x0000000008000d56                uartVPrintf
 .text.delay    0x0000000008000d7e        0x8 ./App/src/utils.o
                0x0000000008000d7e                delay
 .text.millis   0x0000000008000d86        0x8 ./App/src/utils.o
                0x0000000008000d86                millis
 *fill*         0x0000000008000d8e        0x2 
 .text.MX_DMA_Init
                0x0000000008000d90       0x1c ./Core/Src/main.o
 .text.MX_GPIO_Init
                0x0000000008000dac       0x3c ./Core/Src/main.o
 .text.Error_Handler
                0x0000000008000de8        0x4 ./Core/Src/main.o
                0x0000000008000de8                Error_Handler
 .text.MX_TIM1_Init
                0x0000000008000dec       0xf8 ./Core/Src/main.o
 .text.MX_ADC1_Init
                0x0000000008000ee4       0xc4 ./Core/Src/main.o
 .text.MX_USART1_UART_Init
                0x0000000008000fa8       0x68 ./Core/Src/main.o
 .text.MX_TIM14_Init
                0x0000000008001010       0x34 ./Core/Src/main.o
 .text.MX_RTC_Init
                0x0000000008001044       0x88 ./Core/Src/main.o
 .text.SystemClock_Config
                0x00000000080010cc       0xac ./Core/Src/main.o
                0x00000000080010cc                SystemClock_Config
 .text.main     0x0000000008001178       0x30 ./Core/Src/main.o
                0x0000000008001178                main
 .text.HAL_MspInit
                0x00000000080011a8       0x30 ./Core/Src/stm32c0xx_hal_msp.o
                0x00000000080011a8                HAL_MspInit
 .text.HAL_ADC_MspInit
                0x00000000080011d8       0xa4 ./Core/Src/stm32c0xx_hal_msp.o
                0x00000000080011d8                HAL_ADC_MspInit
 .text.HAL_RTC_MspInit
                0x000000000800127c       0xc0 ./Core/Src/stm32c0xx_hal_msp.o
                0x000000000800127c                HAL_RTC_MspInit
 .text.HAL_TIM_Base_MspInit
                0x000000000800133c       0x60 ./Core/Src/stm32c0xx_hal_msp.o
                0x000000000800133c                HAL_TIM_Base_MspInit
 .text.HAL_TIM_MspPostInit
                0x000000000800139c       0x50 ./Core/Src/stm32c0xx_hal_msp.o
                0x000000000800139c                HAL_TIM_MspPostInit
 .text.HAL_UART_MspInit
                0x00000000080013ec       0xa0 ./Core/Src/stm32c0xx_hal_msp.o
                0x00000000080013ec                HAL_UART_MspInit
 .text.NMI_Handler
                0x000000000800148c        0x2 ./Core/Src/stm32c0xx_it.o
                0x000000000800148c                NMI_Handler
 .text.HardFault_Handler
                0x000000000800148e        0x2 ./Core/Src/stm32c0xx_it.o
                0x000000000800148e                HardFault_Handler
 .text.SVC_Handler
                0x0000000008001490        0x2 ./Core/Src/stm32c0xx_it.o
                0x0000000008001490                SVC_Handler
 .text.PendSV_Handler
                0x0000000008001492        0x2 ./Core/Src/stm32c0xx_it.o
                0x0000000008001492                PendSV_Handler
 .text.SysTick_Handler
                0x0000000008001494        0x8 ./Core/Src/stm32c0xx_it.o
                0x0000000008001494                SysTick_Handler
 .text.TIM14_IRQHandler
                0x000000000800149c       0x10 ./Core/Src/stm32c0xx_it.o
                0x000000000800149c                TIM14_IRQHandler
 .text._sbrk    0x00000000080014ac       0x48 ./Core/Src/sysmem.o
                0x00000000080014ac                _sbrk
 .text.SystemInit
                0x00000000080014f4       0x10 ./Core/Src/system_stm32c0xx.o
                0x00000000080014f4                SystemInit
 .text.Reset_Handler
                0x0000000008001504       0x50 ./Core/Startup/startup_stm32c031c6tx.o
                0x0000000008001504                Reset_Handler
 .text.Default_Handler
                0x0000000008001554        0x2 ./Core/Startup/startup_stm32c031c6tx.o
                0x0000000008001554                TIM1_CC_IRQHandler
                0x0000000008001554                I2C1_IRQHandler
                0x0000000008001554                DMAMUX1_IRQHandler
                0x0000000008001554                SPI1_IRQHandler
                0x0000000008001554                EXTI2_3_IRQHandler
                0x0000000008001554                ADC1_IRQHandler
                0x0000000008001554                TIM17_IRQHandler
                0x0000000008001554                RTC_IRQHandler
                0x0000000008001554                TIM16_IRQHandler
                0x0000000008001554                TIM3_IRQHandler
                0x0000000008001554                EXTI4_15_IRQHandler
                0x0000000008001554                RCC_IRQHandler
                0x0000000008001554                DMA1_Channel1_IRQHandler
                0x0000000008001554                Default_Handler
                0x0000000008001554                EXTI0_1_IRQHandler
                0x0000000008001554                WWDG_IRQHandler
                0x0000000008001554                DMA1_Channel2_3_IRQHandler
                0x0000000008001554                USART2_IRQHandler
                0x0000000008001554                FLASH_IRQHandler
                0x0000000008001554                USART1_IRQHandler
                0x0000000008001554                TIM1_BRK_UP_TRG_COM_IRQHandler
 *fill*         0x0000000008001556        0x2 
 .text.HAL_InitTick
                0x0000000008001558       0x58 ./Drivers/STM32C0xx_HAL_Driver/Src/stm32c0xx_hal.o
                0x0000000008001558                HAL_InitTick
 .text.HAL_Init
                0x00000000080015b0       0x28 ./Drivers/STM32C0xx_HAL_Driver/Src/stm32c0xx_hal.o
                0x00000000080015b0                HAL_Init
 .text.HAL_IncTick
                0x00000000080015d8       0x18 ./Drivers/STM32C0xx_HAL_Driver/Src/stm32c0xx_hal.o
                0x00000000080015d8                HAL_IncTick
 .text.HAL_GetTick
                0x00000000080015f0        0xc ./Drivers/STM32C0xx_HAL_Driver/Src/stm32c0xx_hal.o
                0x00000000080015f0                HAL_GetTick
 .text.HAL_Delay
                0x00000000080015fc       0x24 ./Drivers/STM32C0xx_HAL_Driver/Src/stm32c0xx_hal.o
                0x00000000080015fc                HAL_Delay
 .text.HAL_ADC_Init
                0x0000000008001620      0x268 ./Drivers/STM32C0xx_HAL_Driver/Src/stm32c0xx_hal_adc.o
                0x0000000008001620                HAL_ADC_Init
 .text.HAL_ADC_ConvCpltCallback
                0x0000000008001888        0x2 ./Drivers/STM32C0xx_HAL_Driver/Src/stm32c0xx_hal_adc.o
                0x0000000008001888                HAL_ADC_ConvCpltCallback
 .text.HAL_ADC_ConvHalfCpltCallback
                0x000000000800188a        0x2 ./Drivers/STM32C0xx_HAL_Driver/Src/stm32c0xx_hal_adc.o
                0x000000000800188a                HAL_ADC_ConvHalfCpltCallback
 .text.ADC_DMAHalfConvCplt
                0x000000000800188c        0xa ./Drivers/STM32C0xx_HAL_Driver/Src/stm32c0xx_hal_adc.o
 .text.HAL_ADC_ErrorCallback
                0x0000000008001896        0x2 ./Drivers/STM32C0xx_HAL_Driver/Src/stm32c0xx_hal_adc.o
                0x0000000008001896                HAL_ADC_ErrorCallback
 .text.ADC_DMAError
                0x0000000008001898       0x1a ./Drivers/STM32C0xx_HAL_Driver/Src/stm32c0xx_hal_adc.o
 *fill*         0x00000000080018b2        0x2 
 .text.ADC_DMAConvCplt
                0x00000000080018b4       0x80 ./Drivers/STM32C0xx_HAL_Driver/Src/stm32c0xx_hal_adc.o
 .text.HAL_ADC_ConfigChannel
                0x0000000008001934      0x280 ./Drivers/STM32C0xx_HAL_Driver/Src/stm32c0xx_hal_adc.o
                0x0000000008001934                HAL_ADC_ConfigChannel
 .text.ADC_Enable
                0x0000000008001bb4       0xc8 ./Drivers/STM32C0xx_HAL_Driver/Src/stm32c0xx_hal_adc.o
                0x0000000008001bb4                ADC_Enable
 .text.HAL_ADC_Start_DMA
                0x0000000008001c7c       0xbc ./Drivers/STM32C0xx_HAL_Driver/Src/stm32c0xx_hal_adc.o
                0x0000000008001c7c                HAL_ADC_Start_DMA
 .text.ADC_Disable
                0x0000000008001d38       0x8c ./Drivers/STM32C0xx_HAL_Driver/Src/stm32c0xx_hal_adc.o
                0x0000000008001d38                ADC_Disable
 .text.HAL_ADCEx_Calibration_Start
                0x0000000008001dc4      0x130 ./Drivers/STM32C0xx_HAL_Driver/Src/stm32c0xx_hal_adc_ex.o
                0x0000000008001dc4                HAL_ADCEx_Calibration_Start
 .text.HAL_NVIC_SetPriority
                0x0000000008001ef4       0x60 ./Drivers/STM32C0xx_HAL_Driver/Src/stm32c0xx_hal_cortex.o
                0x0000000008001ef4                HAL_NVIC_SetPriority
 .text.HAL_NVIC_EnableIRQ
                0x0000000008001f54       0x18 ./Drivers/STM32C0xx_HAL_Driver/Src/stm32c0xx_hal_cortex.o
                0x0000000008001f54                HAL_NVIC_EnableIRQ
 .text.HAL_SYSTICK_Config
                0x0000000008001f6c       0x38 ./Drivers/STM32C0xx_HAL_Driver/Src/stm32c0xx_hal_cortex.o
                0x0000000008001f6c                HAL_SYSTICK_Config
 .text.DMA_SetConfig
                0x0000000008001fa4       0x48 ./Drivers/STM32C0xx_HAL_Driver/Src/stm32c0xx_hal_dma.o
 .text.DMA_CalcDMAMUXChannelBaseAndMask
                0x0000000008001fec       0x38 ./Drivers/STM32C0xx_HAL_Driver/Src/stm32c0xx_hal_dma.o
 .text.DMA_CalcDMAMUXRequestGenBaseAndMask
                0x0000000008002024       0x28 ./Drivers/STM32C0xx_HAL_Driver/Src/stm32c0xx_hal_dma.o
 .text.HAL_DMA_Init
                0x000000000800204c       0xb0 ./Drivers/STM32C0xx_HAL_Driver/Src/stm32c0xx_hal_dma.o
                0x000000000800204c                HAL_DMA_Init
 .text.HAL_DMA_Start_IT
                0x00000000080020fc       0x9e ./Drivers/STM32C0xx_HAL_Driver/Src/stm32c0xx_hal_dma.o
                0x00000000080020fc                HAL_DMA_Start_IT
 *fill*         0x000000000800219a        0x2 
 .text.HAL_GPIO_Init
                0x000000000800219c      0x1bc ./Drivers/STM32C0xx_HAL_Driver/Src/stm32c0xx_hal_gpio.o
                0x000000000800219c                HAL_GPIO_Init
 .text.HAL_RCC_GetSysClockFreq
                0x0000000008002358       0x60 ./Drivers/STM32C0xx_HAL_Driver/Src/stm32c0xx_hal_rcc.o
                0x0000000008002358                HAL_RCC_GetSysClockFreq
 .text.HAL_RCC_GetHCLKFreq
                0x00000000080023b8        0xc ./Drivers/STM32C0xx_HAL_Driver/Src/stm32c0xx_hal_rcc.o
                0x00000000080023b8                HAL_RCC_GetHCLKFreq
 .text.HAL_RCC_GetPCLK1Freq
                0x00000000080023c4       0x28 ./Drivers/STM32C0xx_HAL_Driver/Src/stm32c0xx_hal_rcc.o
                0x00000000080023c4                HAL_RCC_GetPCLK1Freq
 .text.HAL_RTC_WaitForSynchro
                0x00000000080023ec       0x32 ./Drivers/STM32C0xx_HAL_Driver/Src/stm32c0xx_hal_rtc.o
                0x00000000080023ec                HAL_RTC_WaitForSynchro
 .text.RTC_EnterInitMode
                0x000000000800241e       0x46 ./Drivers/STM32C0xx_HAL_Driver/Src/stm32c0xx_hal_rtc.o
                0x000000000800241e                RTC_EnterInitMode
 .text.RTC_ExitInitMode
                0x0000000008002464       0x50 ./Drivers/STM32C0xx_HAL_Driver/Src/stm32c0xx_hal_rtc.o
                0x0000000008002464                RTC_ExitInitMode
 .text.HAL_RTC_Init
                0x00000000080024b4       0xa8 ./Drivers/STM32C0xx_HAL_Driver/Src/stm32c0xx_hal_rtc.o
                0x00000000080024b4                HAL_RTC_Init
 .text.RTC_ByteToBcd2
                0x000000000800255c       0x16 ./Drivers/STM32C0xx_HAL_Driver/Src/stm32c0xx_hal_rtc.o
                0x000000000800255c                RTC_ByteToBcd2
 *fill*         0x0000000008002572        0x2 
 .text.HAL_RTC_SetTime
                0x0000000008002574       0xcc ./Drivers/STM32C0xx_HAL_Driver/Src/stm32c0xx_hal_rtc.o
                0x0000000008002574                HAL_RTC_SetTime
 .text.HAL_RTC_SetDate
                0x0000000008002640       0xac ./Drivers/STM32C0xx_HAL_Driver/Src/stm32c0xx_hal_rtc.o
                0x0000000008002640                HAL_RTC_SetDate
 .text.RTC_Bcd2ToByte
                0x00000000080026ec       0x14 ./Drivers/STM32C0xx_HAL_Driver/Src/stm32c0xx_hal_rtc.o
                0x00000000080026ec                RTC_Bcd2ToByte
 .text.HAL_RTC_GetTime
                0x0000000008002700       0x58 ./Drivers/STM32C0xx_HAL_Driver/Src/stm32c0xx_hal_rtc.o
                0x0000000008002700                HAL_RTC_GetTime
 .text.HAL_RTC_GetDate
                0x0000000008002758       0x48 ./Drivers/STM32C0xx_HAL_Driver/Src/stm32c0xx_hal_rtc.o
                0x0000000008002758                HAL_RTC_GetDate
 .text.TIM_OC1_SetConfig
                0x00000000080027a0       0x7c ./Drivers/STM32C0xx_HAL_Driver/Src/stm32c0xx_hal_tim.o
 .text.TIM_OC3_SetConfig
                0x000000000800281c       0x8c ./Drivers/STM32C0xx_HAL_Driver/Src/stm32c0xx_hal_tim.o
 .text.TIM_OC4_SetConfig
                0x00000000080028a8       0x68 ./Drivers/STM32C0xx_HAL_Driver/Src/stm32c0xx_hal_tim.o
 .text.TIM_OC5_SetConfig
                0x0000000008002910       0x64 ./Drivers/STM32C0xx_HAL_Driver/Src/stm32c0xx_hal_tim.o
 .text.TIM_OC6_SetConfig
                0x0000000008002974       0x68 ./Drivers/STM32C0xx_HAL_Driver/Src/stm32c0xx_hal_tim.o
 .text.TIM_TI1_ConfigInputStage
                0x00000000080029dc       0x22 ./Drivers/STM32C0xx_HAL_Driver/Src/stm32c0xx_hal_tim.o
 *fill*         0x00000000080029fe        0x2 
 .text.TIM_TI2_ConfigInputStage
                0x0000000008002a00       0x28 ./Drivers/STM32C0xx_HAL_Driver/Src/stm32c0xx_hal_tim.o
 .text.TIM_ITRx_SetConfig
                0x0000000008002a28       0x14 ./Drivers/STM32C0xx_HAL_Driver/Src/stm32c0xx_hal_tim.o
 .text.HAL_TIM_Base_Start_IT
                0x0000000008002a3c       0x68 ./Drivers/STM32C0xx_HAL_Driver/Src/stm32c0xx_hal_tim.o
                0x0000000008002a3c                HAL_TIM_Base_Start_IT
 .text.HAL_TIM_PWM_MspInit
                0x0000000008002aa4        0x2 ./Drivers/STM32C0xx_HAL_Driver/Src/stm32c0xx_hal_tim.o
                0x0000000008002aa4                HAL_TIM_PWM_MspInit
 .text.HAL_TIM_OC_DelayElapsedCallback
                0x0000000008002aa6        0x2 ./Drivers/STM32C0xx_HAL_Driver/Src/stm32c0xx_hal_tim.o
                0x0000000008002aa6                HAL_TIM_OC_DelayElapsedCallback
 .text.HAL_TIM_IC_CaptureCallback
                0x0000000008002aa8        0x2 ./Drivers/STM32C0xx_HAL_Driver/Src/stm32c0xx_hal_tim.o
                0x0000000008002aa8                HAL_TIM_IC_CaptureCallback
 .text.HAL_TIM_PWM_PulseFinishedCallback
                0x0000000008002aaa        0x2 ./Drivers/STM32C0xx_HAL_Driver/Src/stm32c0xx_hal_tim.o
                0x0000000008002aaa                HAL_TIM_PWM_PulseFinishedCallback
 .text.HAL_TIM_TriggerCallback
                0x0000000008002aac        0x2 ./Drivers/STM32C0xx_HAL_Driver/Src/stm32c0xx_hal_tim.o
                0x0000000008002aac                HAL_TIM_TriggerCallback
 *fill*         0x0000000008002aae        0x2 
 .text.HAL_TIM_IRQHandler
                0x0000000008002ab0      0x178 ./Drivers/STM32C0xx_HAL_Driver/Src/stm32c0xx_hal_tim.o
                0x0000000008002ab0                HAL_TIM_IRQHandler
 .text.TIM_Base_SetConfig
                0x0000000008002c28       0x84 ./Drivers/STM32C0xx_HAL_Driver/Src/stm32c0xx_hal_tim.o
                0x0000000008002c28                TIM_Base_SetConfig
 .text.HAL_TIM_Base_Init
                0x0000000008002cac       0x60 ./Drivers/STM32C0xx_HAL_Driver/Src/stm32c0xx_hal_tim.o
                0x0000000008002cac                HAL_TIM_Base_Init
 .text.HAL_TIM_PWM_Init
                0x0000000008002d0c       0x60 ./Drivers/STM32C0xx_HAL_Driver/Src/stm32c0xx_hal_tim.o
                0x0000000008002d0c                HAL_TIM_PWM_Init
 .text.TIM_OC2_SetConfig
                0x0000000008002d6c       0x80 ./Drivers/STM32C0xx_HAL_Driver/Src/stm32c0xx_hal_tim.o
                0x0000000008002d6c                TIM_OC2_SetConfig
 .text.HAL_TIM_PWM_ConfigChannel
                0x0000000008002dec      0x144 ./Drivers/STM32C0xx_HAL_Driver/Src/stm32c0xx_hal_tim.o
                0x0000000008002dec                HAL_TIM_PWM_ConfigChannel
 .text.TIM_ETR_SetConfig
                0x0000000008002f30       0x18 ./Drivers/STM32C0xx_HAL_Driver/Src/stm32c0xx_hal_tim.o
                0x0000000008002f30                TIM_ETR_SetConfig
 .text.HAL_TIM_ConfigClockSource
                0x0000000008002f48      0x108 ./Drivers/STM32C0xx_HAL_Driver/Src/stm32c0xx_hal_tim.o
                0x0000000008002f48                HAL_TIM_ConfigClockSource
 .text.TIM_CCxChannelCmd
                0x0000000008003050       0x1a ./Drivers/STM32C0xx_HAL_Driver/Src/stm32c0xx_hal_tim.o
                0x0000000008003050                TIM_CCxChannelCmd
 *fill*         0x000000000800306a        0x2 
 .text.HAL_TIM_PWM_Start
                0x000000000800306c      0x12c ./Drivers/STM32C0xx_HAL_Driver/Src/stm32c0xx_hal_tim.o
                0x000000000800306c                HAL_TIM_PWM_Start
 .text.HAL_TIMEx_MasterConfigSynchronization
                0x0000000008003198       0x70 ./Drivers/STM32C0xx_HAL_Driver/Src/stm32c0xx_hal_tim_ex.o
                0x0000000008003198                HAL_TIMEx_MasterConfigSynchronization
 .text.HAL_TIMEx_ConfigBreakDeadTime
                0x0000000008003208       0xcc ./Drivers/STM32C0xx_HAL_Driver/Src/stm32c0xx_hal_tim_ex.o
                0x0000000008003208                HAL_TIMEx_ConfigBreakDeadTime
 .text.HAL_TIMEx_CommutCallback
                0x00000000080032d4        0x2 ./Drivers/STM32C0xx_HAL_Driver/Src/stm32c0xx_hal_tim_ex.o
                0x00000000080032d4                HAL_TIMEx_CommutCallback
 .text.HAL_TIMEx_BreakCallback
                0x00000000080032d6        0x2 ./Drivers/STM32C0xx_HAL_Driver/Src/stm32c0xx_hal_tim_ex.o
                0x00000000080032d6                HAL_TIMEx_BreakCallback
 .text.HAL_TIMEx_Break2Callback
                0x00000000080032d8        0x2 ./Drivers/STM32C0xx_HAL_Driver/Src/stm32c0xx_hal_tim_ex.o
                0x00000000080032d8                HAL_TIMEx_Break2Callback
 *fill*         0x00000000080032da        0x2 
 .text.UART_EndTxTransfer
                0x00000000080032dc       0x3c ./Drivers/STM32C0xx_HAL_Driver/Src/stm32c0xx_hal_uart.o
 .text.UART_EndRxTransfer
                0x0000000008003318       0x64 ./Drivers/STM32C0xx_HAL_Driver/Src/stm32c0xx_hal_uart.o
 .text.HAL_UART_RxCpltCallback
                0x000000000800337c        0x2 ./Drivers/STM32C0xx_HAL_Driver/Src/stm32c0xx_hal_uart.o
                0x000000000800337c                HAL_UART_RxCpltCallback
 .text.HAL_UART_RxHalfCpltCallback
                0x000000000800337e        0x2 ./Drivers/STM32C0xx_HAL_Driver/Src/stm32c0xx_hal_uart.o
                0x000000000800337e                HAL_UART_RxHalfCpltCallback
 .text.HAL_UART_ErrorCallback
                0x0000000008003380        0x2 ./Drivers/STM32C0xx_HAL_Driver/Src/stm32c0xx_hal_uart.o
                0x0000000008003380                HAL_UART_ErrorCallback
 .text.UART_DMAError
                0x0000000008003382       0x52 ./Drivers/STM32C0xx_HAL_Driver/Src/stm32c0xx_hal_uart.o
 .text.HAL_UARTEx_RxEventCallback
                0x00000000080033d4        0x2 ./Drivers/STM32C0xx_HAL_Driver/Src/stm32c0xx_hal_uart.o
                0x00000000080033d4                HAL_UARTEx_RxEventCallback
 .text.UART_DMARxHalfCplt
                0x00000000080033d6       0x1c ./Drivers/STM32C0xx_HAL_Driver/Src/stm32c0xx_hal_uart.o
 *fill*         0x00000000080033f2        0x2 
 .text.UART_DMAReceiveCplt
                0x00000000080033f4       0x94 ./Drivers/STM32C0xx_HAL_Driver/Src/stm32c0xx_hal_uart.o
 .text.UART_SetConfig
                0x0000000008003488      0x1c8 ./Drivers/STM32C0xx_HAL_Driver/Src/stm32c0xx_hal_uart.o
                0x0000000008003488                UART_SetConfig
 .text.UART_AdvFeatureConfig
                0x0000000008003650       0xe0 ./Drivers/STM32C0xx_HAL_Driver/Src/stm32c0xx_hal_uart.o
                0x0000000008003650                UART_AdvFeatureConfig
 .text.UART_WaitOnFlagUntilTimeout
                0x0000000008003730       0xe4 ./Drivers/STM32C0xx_HAL_Driver/Src/stm32c0xx_hal_uart.o
                0x0000000008003730                UART_WaitOnFlagUntilTimeout
 .text.HAL_UART_Transmit
                0x0000000008003814      0x10c ./Drivers/STM32C0xx_HAL_Driver/Src/stm32c0xx_hal_uart.o
                0x0000000008003814                HAL_UART_Transmit
 .text.UART_CheckIdleState
                0x0000000008003920       0x74 ./Drivers/STM32C0xx_HAL_Driver/Src/stm32c0xx_hal_uart.o
                0x0000000008003920                UART_CheckIdleState
 .text.HAL_UART_Init
                0x0000000008003994       0x70 ./Drivers/STM32C0xx_HAL_Driver/Src/stm32c0xx_hal_uart.o
                0x0000000008003994                HAL_UART_Init
 .text.UART_Start_Receive_DMA
                0x0000000008003a04       0xbc ./Drivers/STM32C0xx_HAL_Driver/Src/stm32c0xx_hal_uart.o
                0x0000000008003a04                UART_Start_Receive_DMA
 .text.HAL_UART_Receive_DMA
                0x0000000008003ac0       0x74 ./Drivers/STM32C0xx_HAL_Driver/Src/stm32c0xx_hal_uart.o
                0x0000000008003ac0                HAL_UART_Receive_DMA
 .text.UARTEx_SetNbDataToProcess
                0x0000000008003b34       0x50 ./Drivers/STM32C0xx_HAL_Driver/Src/stm32c0xx_hal_uart_ex.o
 .text.HAL_UARTEx_DisableFifoMode
                0x0000000008003b84       0x40 ./Drivers/STM32C0xx_HAL_Driver/Src/stm32c0xx_hal_uart_ex.o
                0x0000000008003b84                HAL_UARTEx_DisableFifoMode
 .text.HAL_UARTEx_SetTxFifoThreshold
                0x0000000008003bc4       0x4a ./Drivers/STM32C0xx_HAL_Driver/Src/stm32c0xx_hal_uart_ex.o
                0x0000000008003bc4                HAL_UARTEx_SetTxFifoThreshold
 *fill*         0x0000000008003c0e        0x2 
 .text.HAL_UARTEx_SetRxFifoThreshold
                0x0000000008003c10       0x50 ./Drivers/STM32C0xx_HAL_Driver/Src/stm32c0xx_hal_uart_ex.o
                0x0000000008003c10                HAL_UARTEx_SetRxFifoThreshold
 .text.LL_SetSystemCoreClock
                0x0000000008003c60        0xc ./Drivers/STM32C0xx_HAL_Driver/Src/stm32c0xx_ll_utils.o
                0x0000000008003c60                LL_SetSystemCoreClock
 .text.__errno  0x0000000008003c6c        0xc c:/st/stm32cubeide_1.10.1/stm32cubeide/plugins/com.st.stm32cube.ide.mcu.externaltools.gnu-tools-for-stm32.10.3-2021.10.win32_1.0.0.202111181127/tools/bin/../lib/gcc/arm-none-eabi/10.3.1/../../../../arm-none-eabi/lib/thumb/v6-m/nofp\libc_nano.a(lib_a-errno.o)
                0x0000000008003c6c                __errno
 .text.__libc_init_array
                0x0000000008003c78       0x48 c:/st/stm32cubeide_1.10.1/stm32cubeide/plugins/com.st.stm32cube.ide.mcu.externaltools.gnu-tools-for-stm32.10.3-2021.10.win32_1.0.0.202111181127/tools/bin/../lib/gcc/arm-none-eabi/10.3.1/../../../../arm-none-eabi/lib/thumb/v6-m/nofp\libc_nano.a(lib_a-init.o)
                0x0000000008003c78                __libc_init_array
 .text.memset   0x0000000008003cc0       0x10 c:/st/stm32cubeide_1.10.1/stm32cubeide/plugins/com.st.stm32cube.ide.mcu.externaltools.gnu-tools-for-stm32.10.3-2021.10.win32_1.0.0.202111181127/tools/bin/../lib/gcc/arm-none-eabi/10.3.1/../../../../arm-none-eabi/lib/thumb/v6-m/nofp\libc_nano.a(lib_a-memset.o)
                0x0000000008003cc0                memset
 .text.strncpy  0x0000000008003cd0       0x28 c:/st/stm32cubeide_1.10.1/stm32cubeide/plugins/com.st.stm32cube.ide.mcu.externaltools.gnu-tools-for-stm32.10.3-2021.10.win32_1.0.0.202111181127/tools/bin/../lib/gcc/arm-none-eabi/10.3.1/../../../../arm-none-eabi/lib/thumb/v6-m/nofp\libc_nano.a(lib_a-strncpy.o)
                0x0000000008003cd0                strncpy
 .text.__strtok_r
                0x0000000008003cf8       0x5e c:/st/stm32cubeide_1.10.1/stm32cubeide/plugins/com.st.stm32cube.ide.mcu.externaltools.gnu-tools-for-stm32.10.3-2021.10.win32_1.0.0.202111181127/tools/bin/../lib/gcc/arm-none-eabi/10.3.1/../../../../arm-none-eabi/lib/thumb/v6-m/nofp\libc_nano.a(lib_a-strtok_r.o)
                0x0000000008003cf8                __strtok_r
 .text.strtok_r
                0x0000000008003d56        0xa c:/st/stm32cubeide_1.10.1/stm32cubeide/plugins/com.st.stm32cube.ide.mcu.externaltools.gnu-tools-for-stm32.10.3-2021.10.win32_1.0.0.202111181127/tools/bin/../lib/gcc/arm-none-eabi/10.3.1/../../../../arm-none-eabi/lib/thumb/v6-m/nofp\libc_nano.a(lib_a-strtok_r.o)
                0x0000000008003d56                strtok_r
 .text._strtoul_l.constprop.0
                0x0000000008003d60      0x114 c:/st/stm32cubeide_1.10.1/stm32cubeide/plugins/com.st.stm32cube.ide.mcu.externaltools.gnu-tools-for-stm32.10.3-2021.10.win32_1.0.0.202111181127/tools/bin/../lib/gcc/arm-none-eabi/10.3.1/../../../../arm-none-eabi/lib/thumb/v6-m/nofp\libc_nano.a(lib_a-strtoul.o)
 .text.strtoul  0x0000000008003e74       0x18 c:/st/stm32cubeide_1.10.1/stm32cubeide/plugins/com.st.stm32cube.ide.mcu.externaltools.gnu-tools-for-stm32.10.3-2021.10.win32_1.0.0.202111181127/tools/bin/../lib/gcc/arm-none-eabi/10.3.1/../../../../arm-none-eabi/lib/thumb/v6-m/nofp\libc_nano.a(lib_a-strtoul.o)
                0x0000000008003e74                strtoul
 .text._vsnprintf_r
                0x0000000008003e8c       0x56 c:/st/stm32cubeide_1.10.1/stm32cubeide/plugins/com.st.stm32cube.ide.mcu.externaltools.gnu-tools-for-stm32.10.3-2021.10.win32_1.0.0.202111181127/tools/bin/../lib/gcc/arm-none-eabi/10.3.1/../../../../arm-none-eabi/lib/thumb/v6-m/nofp\libc_nano.a(lib_a-vsnprintf.o)
                0x0000000008003e8c                _vsniprintf_r
                0x0000000008003e8c                _vsnprintf_r
 *fill*         0x0000000008003ee2        0x2 
 .text.vsnprintf
                0x0000000008003ee4       0x18 c:/st/stm32cubeide_1.10.1/stm32cubeide/plugins/com.st.stm32cube.ide.mcu.externaltools.gnu-tools-for-stm32.10.3-2021.10.win32_1.0.0.202111181127/tools/bin/../lib/gcc/arm-none-eabi/10.3.1/../../../../arm-none-eabi/lib/thumb/v6-m/nofp\libc_nano.a(lib_a-vsnprintf.o)
                0x0000000008003ee4                vsniprintf
                0x0000000008003ee4                vsnprintf
 .text.__ssputs_r
                0x0000000008003efc       0xc4 c:/st/stm32cubeide_1.10.1/stm32cubeide/plugins/com.st.stm32cube.ide.mcu.externaltools.gnu-tools-for-stm32.10.3-2021.10.win32_1.0.0.202111181127/tools/bin/../lib/gcc/arm-none-eabi/10.3.1/../../../../arm-none-eabi/lib/thumb/v6-m/nofp\libc_nano.a(lib_a-nano-svfprintf.o)
                0x0000000008003efc                __ssputs_r
 .text._svfprintf_r
                0x0000000008003fc0      0x200 c:/st/stm32cubeide_1.10.1/stm32cubeide/plugins/com.st.stm32cube.ide.mcu.externaltools.gnu-tools-for-stm32.10.3-2021.10.win32_1.0.0.202111181127/tools/bin/../lib/gcc/arm-none-eabi/10.3.1/../../../../arm-none-eabi/lib/thumb/v6-m/nofp\libc_nano.a(lib_a-nano-svfprintf.o)
                0x0000000008003fc0                _svfiprintf_r
                0x0000000008003fc0                _svfprintf_r
 .text._printf_common
                0x00000000080041c0       0xde c:/st/stm32cubeide_1.10.1/stm32cubeide/plugins/com.st.stm32cube.ide.mcu.externaltools.gnu-tools-for-stm32.10.3-2021.10.win32_1.0.0.202111181127/tools/bin/../lib/gcc/arm-none-eabi/10.3.1/../../../../arm-none-eabi/lib/thumb/v6-m/nofp\libc_nano.a(lib_a-nano-vfprintf_i.o)
                0x00000000080041c0                _printf_common
 *fill*         0x000000000800429e        0x2 
 .text._printf_i
                0x00000000080042a0      0x224 c:/st/stm32cubeide_1.10.1/stm32cubeide/plugins/com.st.stm32cube.ide.mcu.externaltools.gnu-tools-for-stm32.10.3-2021.10.win32_1.0.0.202111181127/tools/bin/../lib/gcc/arm-none-eabi/10.3.1/../../../../arm-none-eabi/lib/thumb/v6-m/nofp\libc_nano.a(lib_a-nano-vfprintf_i.o)
                0x00000000080042a0                _printf_i
 .text.memchr   0x00000000080044c4       0x16 c:/st/stm32cubeide_1.10.1/stm32cubeide/plugins/com.st.stm32cube.ide.mcu.externaltools.gnu-tools-for-stm32.10.3-2021.10.win32_1.0.0.202111181127/tools/bin/../lib/gcc/arm-none-eabi/10.3.1/../../../../arm-none-eabi/lib/thumb/v6-m/nofp\libc_nano.a(lib_a-memchr-stub.o)
                0x00000000080044c4                memchr
 .text.memcpy   0x00000000080044da       0x12 c:/st/stm32cubeide_1.10.1/stm32cubeide/plugins/com.st.stm32cube.ide.mcu.externaltools.gnu-tools-for-stm32.10.3-2021.10.win32_1.0.0.202111181127/tools/bin/../lib/gcc/arm-none-eabi/10.3.1/../../../../arm-none-eabi/lib/thumb/v6-m/nofp\libc_nano.a(lib_a-memcpy-stub.o)
                0x00000000080044da                memcpy
 .text.memmove  0x00000000080044ec       0x26 c:/st/stm32cubeide_1.10.1/stm32cubeide/plugins/com.st.stm32cube.ide.mcu.externaltools.gnu-tools-for-stm32.10.3-2021.10.win32_1.0.0.202111181127/tools/bin/../lib/gcc/arm-none-eabi/10.3.1/../../../../arm-none-eabi/lib/thumb/v6-m/nofp\libc_nano.a(lib_a-memmove.o)
                0x00000000080044ec                memmove
 *fill*         0x0000000008004512        0x2 
 .text._free_r  0x0000000008004514       0x94 c:/st/stm32cubeide_1.10.1/stm32cubeide/plugins/com.st.stm32cube.ide.mcu.externaltools.gnu-tools-for-stm32.10.3-2021.10.win32_1.0.0.202111181127/tools/bin/../lib/gcc/arm-none-eabi/10.3.1/../../../../arm-none-eabi/lib/thumb/v6-m/nofp\libc_nano.a(lib_a-nano-freer.o)
                0x0000000008004514                _free_r
 .text.sbrk_aligned
                0x00000000080045a8       0x44 c:/st/stm32cubeide_1.10.1/stm32cubeide/plugins/com.st.stm32cube.ide.mcu.externaltools.gnu-tools-for-stm32.10.3-2021.10.win32_1.0.0.202111181127/tools/bin/../lib/gcc/arm-none-eabi/10.3.1/../../../../arm-none-eabi/lib/thumb/v6-m/nofp\libc_nano.a(lib_a-nano-mallocr.o)
 .text._malloc_r
                0x00000000080045ec       0xec c:/st/stm32cubeide_1.10.1/stm32cubeide/plugins/com.st.stm32cube.ide.mcu.externaltools.gnu-tools-for-stm32.10.3-2021.10.win32_1.0.0.202111181127/tools/bin/../lib/gcc/arm-none-eabi/10.3.1/../../../../arm-none-eabi/lib/thumb/v6-m/nofp\libc_nano.a(lib_a-nano-mallocr.o)
                0x00000000080045ec                _malloc_r
 .text._realloc_r
                0x00000000080046d8       0x5e c:/st/stm32cubeide_1.10.1/stm32cubeide/plugins/com.st.stm32cube.ide.mcu.externaltools.gnu-tools-for-stm32.10.3-2021.10.win32_1.0.0.202111181127/tools/bin/../lib/gcc/arm-none-eabi/10.3.1/../../../../arm-none-eabi/lib/thumb/v6-m/nofp\libc_nano.a(lib_a-nano-reallocr.o)
                0x00000000080046d8                _realloc_r
 *fill*         0x0000000008004736        0x2 
 .text._sbrk_r  0x0000000008004738       0x24 c:/st/stm32cubeide_1.10.1/stm32cubeide/plugins/com.st.stm32cube.ide.mcu.externaltools.gnu-tools-for-stm32.10.3-2021.10.win32_1.0.0.202111181127/tools/bin/../lib/gcc/arm-none-eabi/10.3.1/../../../../arm-none-eabi/lib/thumb/v6-m/nofp\libc_nano.a(lib_a-sbrkr.o)
                0x0000000008004738                _sbrk_r
 .text.__malloc_lock
                0x000000000800475c       0x10 c:/st/stm32cubeide_1.10.1/stm32cubeide/plugins/com.st.stm32cube.ide.mcu.externaltools.gnu-tools-for-stm32.10.3-2021.10.win32_1.0.0.202111181127/tools/bin/../lib/gcc/arm-none-eabi/10.3.1/../../../../arm-none-eabi/lib/thumb/v6-m/nofp\libc_nano.a(lib_a-mlock.o)
                0x000000000800475c                __malloc_lock
 .text.__malloc_unlock
                0x000000000800476c       0x10 c:/st/stm32cubeide_1.10.1/stm32cubeide/plugins/com.st.stm32cube.ide.mcu.externaltools.gnu-tools-for-stm32.10.3-2021.10.win32_1.0.0.202111181127/tools/bin/../lib/gcc/arm-none-eabi/10.3.1/../../../../arm-none-eabi/lib/thumb/v6-m/nofp\libc_nano.a(lib_a-mlock.o)
                0x000000000800476c                __malloc_unlock
 .text._malloc_usable_size_r
                0x000000000800477c       0x10 c:/st/stm32cubeide_1.10.1/stm32cubeide/plugins/com.st.stm32cube.ide.mcu.externaltools.gnu-tools-for-stm32.10.3-2021.10.win32_1.0.0.202111181127/tools/bin/../lib/gcc/arm-none-eabi/10.3.1/../../../../arm-none-eabi/lib/thumb/v6-m/nofp\libc_nano.a(lib_a-nano-msizer.o)
                0x000000000800477c                _malloc_usable_size_r
 .text.__retarget_lock_acquire_recursive
                0x000000000800478c        0x2 c:/st/stm32cubeide_1.10.1/stm32cubeide/plugins/com.st.stm32cube.ide.mcu.externaltools.gnu-tools-for-stm32.10.3-2021.10.win32_1.0.0.202111181127/tools/bin/../lib/gcc/arm-none-eabi/10.3.1/../../../../arm-none-eabi/lib/thumb/v6-m/nofp\libc_nano.a(lib_a-lock.o)
                0x000000000800478c                __retarget_lock_acquire_recursive
 .text.__retarget_lock_release_recursive
                0x000000000800478e        0x2 c:/st/stm32cubeide_1.10.1/stm32cubeide/plugins/com.st.stm32cube.ide.mcu.externaltools.gnu-tools-for-stm32.10.3-2021.10.win32_1.0.0.202111181127/tools/bin/../lib/gcc/arm-none-eabi/10.3.1/../../../../arm-none-eabi/lib/thumb/v6-m/nofp\libc_nano.a(lib_a-lock.o)
                0x000000000800478e                __retarget_lock_release_recursive
 *(.glue_7)
 .glue_7        0x0000000008004790        0x0 linker stubs
 *(.glue_7t)
 .glue_7t       0x0000000008004790        0x0 linker stubs
 *(.eh_frame)
 .eh_frame      0x0000000008004790        0x0 c:/st/stm32cubeide_1.10.1/stm32cubeide/plugins/com.st.stm32cube.ide.mcu.externaltools.gnu-tools-for-stm32.10.3-2021.10.win32_1.0.0.202111181127/tools/bin/../lib/gcc/arm-none-eabi/10.3.1/thumb/v6-m/nofp/crtbegin.o
 *(.init)
 .init          0x0000000008004790        0x4 c:/st/stm32cubeide_1.10.1/stm32cubeide/plugins/com.st.stm32cube.ide.mcu.externaltools.gnu-tools-for-stm32.10.3-2021.10.win32_1.0.0.202111181127/tools/bin/../lib/gcc/arm-none-eabi/10.3.1/thumb/v6-m/nofp/crti.o
                0x0000000008004790                _init
 .init          0x0000000008004794        0x8 c:/st/stm32cubeide_1.10.1/stm32cubeide/plugins/com.st.stm32cube.ide.mcu.externaltools.gnu-tools-for-stm32.10.3-2021.10.win32_1.0.0.202111181127/tools/bin/../lib/gcc/arm-none-eabi/10.3.1/thumb/v6-m/nofp/crtn.o
 *(.fini)
 .fini          0x000000000800479c        0x4 c:/st/stm32cubeide_1.10.1/stm32cubeide/plugins/com.st.stm32cube.ide.mcu.externaltools.gnu-tools-for-stm32.10.3-2021.10.win32_1.0.0.202111181127/tools/bin/../lib/gcc/arm-none-eabi/10.3.1/thumb/v6-m/nofp/crti.o
                0x000000000800479c                _fini
 .fini          0x00000000080047a0        0x8 c:/st/stm32cubeide_1.10.1/stm32cubeide/plugins/com.st.stm32cube.ide.mcu.externaltools.gnu-tools-for-stm32.10.3-2021.10.win32_1.0.0.202111181127/tools/bin/../lib/gcc/arm-none-eabi/10.3.1/thumb/v6-m/nofp/crtn.o
                0x00000000080047a8                . = ALIGN (0x4)
                0x00000000080047a8                _etext = .

.vfp11_veneer   0x00000000080047a8        0x0
 .vfp11_veneer  0x00000000080047a8        0x0 linker stubs

.v4_bx          0x00000000080047a8        0x0
 .v4_bx         0x00000000080047a8        0x0 linker stubs

.iplt           0x00000000080047a8        0x0
 .iplt          0x00000000080047a8        0x0 c:/st/stm32cubeide_1.10.1/stm32cubeide/plugins/com.st.stm32cube.ide.mcu.externaltools.gnu-tools-for-stm32.10.3-2021.10.win32_1.0.0.202111181127/tools/bin/../lib/gcc/arm-none-eabi/10.3.1/thumb/v6-m/nofp/crtbegin.o

.rodata         0x00000000080047a8      0x354
                0x00000000080047a8                . = ALIGN (0x4)
 *(.rodata)
 *(.rodata*)
 .rodata.infoCli.str1.4
                0x00000000080047a8       0x6d ./App/ap.o
                                         0x71 (size before relaxing)
 *fill*         0x0000000008004815        0x3 
 .rodata.apInit.str1.4
                0x0000000008004818        0x5 ./App/ap.o
 *fill*         0x000000000800481d        0x3 
 .rodata.button_adc
                0x0000000008004820       0x14 ./App/src/button.o
 .rodata.cliInit.str1.4
                0x0000000008004834        0x5 ./App/src/cli.o
 *fill*         0x0000000008004839        0x3 
 .rodata.cliHelp.str1.4
                0x000000000800483c       0x24 ./App/src/cli.o
 .rodata.cliMain.str1.4
                0x0000000008004860        0xa ./App/src/cli.o
                                          0xe (size before relaxing)
 *fill*         0x000000000800486a        0x2 
 .rodata.rtcInit.str1.4
                0x000000000800486c        0x4 ./App/src/rtc.o
 .rodata.rtcCli.str1.4
                0x0000000008004870       0xba ./App/src/rtc.o
                                         0xc2 (size before relaxing)
 *fill*         0x000000000800492a        0x2 
 .rodata.APBPrescTable
                0x000000000800492c       0x20 ./Core/Src/system_stm32c0xx.o
                0x000000000800492c                APBPrescTable
 .rodata.HAL_TIM_PWM_ConfigChannel
                0x000000000800494c       0x54 ./Drivers/STM32C0xx_HAL_Driver/Src/stm32c0xx_hal_tim.o
 .rodata.UARTPrescTable
                0x00000000080049a0       0x18 ./Drivers/STM32C0xx_HAL_Driver/Src/stm32c0xx_hal_uart.o
                0x00000000080049a0                UARTPrescTable
 .rodata.denominator.0
                0x00000000080049b8        0x8 ./Drivers/STM32C0xx_HAL_Driver/Src/stm32c0xx_hal_uart_ex.o
 .rodata.numerator.1
                0x00000000080049c0        0x8 ./Drivers/STM32C0xx_HAL_Driver/Src/stm32c0xx_hal_uart_ex.o
 .rodata._ctype_
                0x00000000080049c8      0x101 c:/st/stm32cubeide_1.10.1/stm32cubeide/plugins/com.st.stm32cube.ide.mcu.externaltools.gnu-tools-for-stm32.10.3-2021.10.win32_1.0.0.202111181127/tools/bin/../lib/gcc/arm-none-eabi/10.3.1/../../../../arm-none-eabi/lib/thumb/v6-m/nofp\libc_nano.a(lib_a-ctype_.o)
                0x00000000080049c8                _ctype_
 .rodata._svfprintf_r.str1.1
                0x0000000008004ac9       0x11 c:/st/stm32cubeide_1.10.1/stm32cubeide/plugins/com.st.stm32cube.ide.mcu.externaltools.gnu-tools-for-stm32.10.3-2021.10.win32_1.0.0.202111181127/tools/bin/../lib/gcc/arm-none-eabi/10.3.1/../../../../arm-none-eabi/lib/thumb/v6-m/nofp\libc_nano.a(lib_a-nano-svfprintf.o)
 .rodata._printf_i.str1.1
                0x0000000008004ada       0x22 c:/st/stm32cubeide_1.10.1/stm32cubeide/plugins/com.st.stm32cube.ide.mcu.externaltools.gnu-tools-for-stm32.10.3-2021.10.win32_1.0.0.202111181127/tools/bin/../lib/gcc/arm-none-eabi/10.3.1/../../../../arm-none-eabi/lib/thumb/v6-m/nofp\libc_nano.a(lib_a-nano-vfprintf_i.o)
                0x0000000008004afc                . = ALIGN (0x4)

.rel.dyn        0x0000000008004afc        0x0
 .rel.iplt      0x0000000008004afc        0x0 c:/st/stm32cubeide_1.10.1/stm32cubeide/plugins/com.st.stm32cube.ide.mcu.externaltools.gnu-tools-for-stm32.10.3-2021.10.win32_1.0.0.202111181127/tools/bin/../lib/gcc/arm-none-eabi/10.3.1/thumb/v6-m/nofp/crtbegin.o

.ARM.extab      0x0000000008004afc        0x0
                0x0000000008004afc                . = ALIGN (0x4)
 *(.ARM.extab* .gnu.linkonce.armextab.*)
                0x0000000008004afc                . = ALIGN (0x4)

.ARM            0x0000000008004afc        0x0
                0x0000000008004afc                . = ALIGN (0x4)
                0x0000000008004afc                __exidx_start = .
 *(.ARM.exidx*)
                0x0000000008004afc                __exidx_end = .
                0x0000000008004afc                . = ALIGN (0x4)

.preinit_array  0x0000000008004afc        0x0
                0x0000000008004afc                . = ALIGN (0x4)
                0x0000000008004afc                PROVIDE (__preinit_array_start = .)
 *(.preinit_array*)
                0x0000000008004afc                PROVIDE (__preinit_array_end = .)
                0x0000000008004afc                . = ALIGN (0x4)

.init_array     0x0000000008004afc        0x4
                0x0000000008004afc                . = ALIGN (0x4)
                0x0000000008004afc                PROVIDE (__init_array_start = .)
 *(SORT_BY_NAME(.init_array.*))
 *(.init_array*)
 .init_array    0x0000000008004afc        0x4 c:/st/stm32cubeide_1.10.1/stm32cubeide/plugins/com.st.stm32cube.ide.mcu.externaltools.gnu-tools-for-stm32.10.3-2021.10.win32_1.0.0.202111181127/tools/bin/../lib/gcc/arm-none-eabi/10.3.1/thumb/v6-m/nofp/crtbegin.o
                0x0000000008004b00                PROVIDE (__init_array_end = .)
                0x0000000008004b00                . = ALIGN (0x4)

.fini_array     0x0000000008004b00        0x4
                0x0000000008004b00                . = ALIGN (0x4)
                [!provide]                        PROVIDE (__fini_array_start = .)
 *(SORT_BY_NAME(.fini_array.*))
 *(.fini_array*)
 .fini_array    0x0000000008004b00        0x4 c:/st/stm32cubeide_1.10.1/stm32cubeide/plugins/com.st.stm32cube.ide.mcu.externaltools.gnu-tools-for-stm32.10.3-2021.10.win32_1.0.0.202111181127/tools/bin/../lib/gcc/arm-none-eabi/10.3.1/thumb/v6-m/nofp/crtbegin.o
                [!provide]                        PROVIDE (__fini_array_end = .)
                0x0000000008004b04                . = ALIGN (0x4)
                0x0000000008004b04                _sidata = LOADADDR (.data)

.data           0x0000000020000000       0x74 load address 0x0000000008004b04
                0x0000000020000000                . = ALIGN (0x4)
                0x0000000020000000                _sdata = .
 *(.data)
 *(.data*)
 .data.led_duty
                0x0000000020000000        0x2 ./App/src/led.o
 *fill*         0x0000000020000002        0x2 
 .data.SystemCoreClock
                0x0000000020000004        0x4 ./Core/Src/system_stm32c0xx.o
                0x0000000020000004                SystemCoreClock
 .data.uwTickFreq
                0x0000000020000008        0x4 ./Drivers/STM32C0xx_HAL_Driver/Src/stm32c0xx_hal.o
                0x0000000020000008                uwTickFreq
 .data.uwTickPrio
                0x000000002000000c        0x4 ./Drivers/STM32C0xx_HAL_Driver/Src/stm32c0xx_hal.o
                0x000000002000000c                uwTickPrio
 .data._impure_ptr
                0x0000000020000010        0x4 c:/st/stm32cubeide_1.10.1/stm32cubeide/plugins/com.st.stm32cube.ide.mcu.externaltools.gnu-tools-for-stm32.10.3-2021.10.win32_1.0.0.202111181127/tools/bin/../lib/gcc/arm-none-eabi/10.3.1/../../../../arm-none-eabi/lib/thumb/v6-m/nofp\libc_nano.a(lib_a-impure.o)
                0x0000000020000010                _impure_ptr
 .data.impure_data
                0x0000000020000014       0x60 c:/st/stm32cubeide_1.10.1/stm32cubeide/plugins/com.st.stm32cube.ide.mcu.externaltools.gnu-tools-for-stm32.10.3-2021.10.win32_1.0.0.202111181127/tools/bin/../lib/gcc/arm-none-eabi/10.3.1/../../../../arm-none-eabi/lib/thumb/v6-m/nofp\libc_nano.a(lib_a-impure.o)
 *(.RamFunc)
 *(.RamFunc*)
                0x0000000020000074                . = ALIGN (0x4)
                0x0000000020000074                _edata = .

.igot.plt       0x0000000020000074        0x0 load address 0x0000000008004b78
 .igot.plt      0x0000000020000074        0x0 c:/st/stm32cubeide_1.10.1/stm32cubeide/plugins/com.st.stm32cube.ide.mcu.externaltools.gnu-tools-for-stm32.10.3-2021.10.win32_1.0.0.202111181127/tools/bin/../lib/gcc/arm-none-eabi/10.3.1/thumb/v6-m/nofp/crtbegin.o
                0x0000000020000074                . = ALIGN (0x4)

.bss            0x0000000020000074      0x554 load address 0x0000000008004b78
                0x0000000020000074                _sbss = .
                0x0000000020000074                __bss_start__ = _sbss
 *(.bss)
 .bss           0x0000000020000074       0x1c c:/st/stm32cubeide_1.10.1/stm32cubeide/plugins/com.st.stm32cube.ide.mcu.externaltools.gnu-tools-for-stm32.10.3-2021.10.win32_1.0.0.202111181127/tools/bin/../lib/gcc/arm-none-eabi/10.3.1/thumb/v6-m/nofp/crtbegin.o
 *(.bss*)
 .bss.adc_data  0x0000000020000090        0x6 ./App/src/adc.o
                0x0000000020000090                adc_data
 .bss.cli_argc  0x0000000020000096        0x2 ./App/src/cli.o
 .bss.cli_argv  0x0000000020000098       0x20 ./App/src/cli.o
 .bss.cli_buf   0x00000000200000b8       0x80 ./App/src/cli.o
 .bss.cli_buf_index
                0x0000000020000138        0x2 ./App/src/cli.o
 .bss.cli_cmd_count
                0x000000002000013a        0x1 ./App/src/cli.o
 *fill*         0x000000002000013b        0x1 
 .bss.cli_cmd_func
                0x000000002000013c       0x60 ./App/src/cli.o
 .bss.swtimer_count
                0x000000002000019c        0x1 ./App/src/swtimer.o
 *fill*         0x000000002000019d        0x3 
 .bss.swtimer_tbl
                0x00000000200001a0       0xa0 ./App/src/swtimer.o
 .bss.q_buf     0x0000000020000240      0x100 ./App/src/uart.o
 .bss.q_in      0x0000000020000340        0x2 ./App/src/uart.o
 .bss.q_out     0x0000000020000342        0x2 ./App/src/uart.o
 .bss.hadc1     0x0000000020000344       0x64 ./Core/Src/main.o
                0x0000000020000344                hadc1
 .bss.hdma_adc1
                0x00000000200003a8       0x5c ./Core/Src/main.o
                0x00000000200003a8                hdma_adc1
 .bss.hdma_usart1_rx
                0x0000000020000404       0x5c ./Core/Src/main.o
                0x0000000020000404                hdma_usart1_rx
 .bss.hrtc      0x0000000020000460       0x28 ./Core/Src/main.o
                0x0000000020000460                hrtc
 .bss.htim1     0x0000000020000488       0x4c ./Core/Src/main.o
                0x0000000020000488                htim1
 .bss.htim14    0x00000000200004d4       0x4c ./Core/Src/main.o
                0x00000000200004d4                htim14
 .bss.huart1    0x0000000020000520       0x90 ./Core/Src/main.o
                0x0000000020000520                huart1
 .bss.__sbrk_heap_end
                0x00000000200005b0        0x4 ./Core/Src/sysmem.o
 .bss.uwTick    0x00000000200005b4        0x4 ./Drivers/STM32C0xx_HAL_Driver/Src/stm32c0xx_hal.o
                0x00000000200005b4                uwTick
 .bss.__malloc_free_list
                0x00000000200005b8        0x4 c:/st/stm32cubeide_1.10.1/stm32cubeide/plugins/com.st.stm32cube.ide.mcu.externaltools.gnu-tools-for-stm32.10.3-2021.10.win32_1.0.0.202111181127/tools/bin/../lib/gcc/arm-none-eabi/10.3.1/../../../../arm-none-eabi/lib/thumb/v6-m/nofp\libc_nano.a(lib_a-nano-mallocr.o)
                0x00000000200005b8                __malloc_free_list
 .bss.__malloc_sbrk_start
                0x00000000200005bc        0x4 c:/st/stm32cubeide_1.10.1/stm32cubeide/plugins/com.st.stm32cube.ide.mcu.externaltools.gnu-tools-for-stm32.10.3-2021.10.win32_1.0.0.202111181127/tools/bin/../lib/gcc/arm-none-eabi/10.3.1/../../../../arm-none-eabi/lib/thumb/v6-m/nofp\libc_nano.a(lib_a-nano-mallocr.o)
                0x00000000200005bc                __malloc_sbrk_start
 .bss.errno     0x00000000200005c0        0x4 c:/st/stm32cubeide_1.10.1/stm32cubeide/plugins/com.st.stm32cube.ide.mcu.externaltools.gnu-tools-for-stm32.10.3-2021.10.win32_1.0.0.202111181127/tools/bin/../lib/gcc/arm-none-eabi/10.3.1/../../../../arm-none-eabi/lib/thumb/v6-m/nofp\libc_nano.a(lib_a-reent.o)
                0x00000000200005c0                errno
 .bss.__lock___malloc_recursive_mutex
                0x00000000200005c4        0x1 c:/st/stm32cubeide_1.10.1/stm32cubeide/plugins/com.st.stm32cube.ide.mcu.externaltools.gnu-tools-for-stm32.10.3-2021.10.win32_1.0.0.202111181127/tools/bin/../lib/gcc/arm-none-eabi/10.3.1/../../../../arm-none-eabi/lib/thumb/v6-m/nofp\libc_nano.a(lib_a-lock.o)
                0x00000000200005c4                __lock___malloc_recursive_mutex
 *(COMMON)
                0x00000000200005c8                . = ALIGN (0x4)
 *fill*         0x00000000200005c5        0x3 
                0x00000000200005c8                _ebss = .
                0x00000000200005c8                __bss_end__ = _ebss

._user_heap_stack
                0x00000000200005c8      0x600 load address 0x0000000008004b78
                0x00000000200005c8                . = ALIGN (0x8)
                [!provide]                        PROVIDE (end = .)
                0x00000000200005c8                PROVIDE (_end = .)
                0x00000000200007c8                . = (. + _Min_Heap_Size)
 *fill*         0x00000000200005c8      0x200 
                0x0000000020000bc8                . = (. + _Min_Stack_Size)
 *fill*         0x00000000200007c8      0x400 
                0x0000000020000bc8                . = ALIGN (0x8)

/DISCARD/
 libc.a(*)
 libm.a(*)
 libgcc.a(*)

.ARM.attributes
                0x0000000000000000       0x28
 *(.ARM.attributes)
 .ARM.attributes
                0x0000000000000000       0x1e c:/st/stm32cubeide_1.10.1/stm32cubeide/plugins/com.st.stm32cube.ide.mcu.externaltools.gnu-tools-for-stm32.10.3-2021.10.win32_1.0.0.202111181127/tools/bin/../lib/gcc/arm-none-eabi/10.3.1/thumb/v6-m/nofp/crti.o
 .ARM.attributes
                0x000000000000001e       0x2c c:/st/stm32cubeide_1.10.1/stm32cubeide/plugins/com.st.stm32cube.ide.mcu.externaltools.gnu-tools-for-stm32.10.3-2021.10.win32_1.0.0.202111181127/tools/bin/../lib/gcc/arm-none-eabi/10.3.1/thumb/v6-m/nofp/crtbegin.o
 .ARM.attributes
                0x000000000000004a       0x2c ./App/ap.o
 .ARM.attributes
                0x0000000000000076       0x2c ./App/src/adc.o
 .ARM.attributes
                0x00000000000000a2       0x2c ./App/src/button.o
 .ARM.attributes
                0x00000000000000ce       0x2c ./App/src/cli.o
 .ARM.attributes
                0x00000000000000fa       0x2c ./App/src/led.o
 .ARM.attributes
                0x0000000000000126       0x2c ./App/src/pwm.o
 .ARM.attributes
                0x0000000000000152       0x2c ./App/src/rtc.o
 .ARM.attributes
                0x000000000000017e       0x2c ./App/src/swtimer.o
 .ARM.attributes
                0x00000000000001aa       0x2c ./App/src/uart.o
 .ARM.attributes
                0x00000000000001d6       0x2c ./App/src/utils.o
 .ARM.attributes
                0x0000000000000202       0x2c ./Core/Src/main.o
 .ARM.attributes
                0x000000000000022e       0x2c ./Core/Src/stm32c0xx_hal_msp.o
 .ARM.attributes
                0x000000000000025a       0x2c ./Core/Src/stm32c0xx_it.o
 .ARM.attributes
                0x0000000000000286       0x2c ./Core/Src/sysmem.o
 .ARM.attributes
                0x00000000000002b2       0x2c ./Core/Src/system_stm32c0xx.o
 .ARM.attributes
                0x00000000000002de       0x22 ./Core/Startup/startup_stm32c031c6tx.o
 .ARM.attributes
                0x0000000000000300       0x2c ./Drivers/STM32C0xx_HAL_Driver/Src/stm32c0xx_hal.o
 .ARM.attributes
                0x000000000000032c       0x2c ./Drivers/STM32C0xx_HAL_Driver/Src/stm32c0xx_hal_adc.o
 .ARM.attributes
                0x0000000000000358       0x2c ./Drivers/STM32C0xx_HAL_Driver/Src/stm32c0xx_hal_adc_ex.o
 .ARM.attributes
                0x0000000000000384       0x2c ./Drivers/STM32C0xx_HAL_Driver/Src/stm32c0xx_hal_cortex.o
 .ARM.attributes
                0x00000000000003b0       0x2c ./Drivers/STM32C0xx_HAL_Driver/Src/stm32c0xx_hal_dma.o
 .ARM.attributes
                0x00000000000003dc       0x2c ./Drivers/STM32C0xx_HAL_Driver/Src/stm32c0xx_hal_gpio.o
 .ARM.attributes
                0x0000000000000408       0x2c ./Drivers/STM32C0xx_HAL_Driver/Src/stm32c0xx_hal_rcc.o
 .ARM.attributes
                0x0000000000000434       0x2c ./Drivers/STM32C0xx_HAL_Driver/Src/stm32c0xx_hal_rtc.o
 .ARM.attributes
                0x0000000000000460       0x2c ./Drivers/STM32C0xx_HAL_Driver/Src/stm32c0xx_hal_tim.o
 .ARM.attributes
                0x000000000000048c       0x2c ./Drivers/STM32C0xx_HAL_Driver/Src/stm32c0xx_hal_tim_ex.o
 .ARM.attributes
                0x00000000000004b8       0x2c ./Drivers/STM32C0xx_HAL_Driver/Src/stm32c0xx_hal_uart.o
 .ARM.attributes
                0x00000000000004e4       0x2c ./Drivers/STM32C0xx_HAL_Driver/Src/stm32c0xx_hal_uart_ex.o
 .ARM.attributes
                0x0000000000000510       0x2c ./Drivers/STM32C0xx_HAL_Driver/Src/stm32c0xx_ll_utils.o
 .ARM.attributes
                0x000000000000053c       0x2c c:/st/stm32cubeide_1.10.1/stm32cubeide/plugins/com.st.stm32cube.ide.mcu.externaltools.gnu-tools-for-stm32.10.3-2021.10.win32_1.0.0.202111181127/tools/bin/../lib/gcc/arm-none-eabi/10.3.1/../../../../arm-none-eabi/lib/thumb/v6-m/nofp\libc_nano.a(lib_a-errno.o)
 .ARM.attributes
                0x0000000000000568       0x2c c:/st/stm32cubeide_1.10.1/stm32cubeide/plugins/com.st.stm32cube.ide.mcu.externaltools.gnu-tools-for-stm32.10.3-2021.10.win32_1.0.0.202111181127/tools/bin/../lib/gcc/arm-none-eabi/10.3.1/../../../../arm-none-eabi/lib/thumb/v6-m/nofp\libc_nano.a(lib_a-impure.o)
 .ARM.attributes
                0x0000000000000594       0x2c c:/st/stm32cubeide_1.10.1/stm32cubeide/plugins/com.st.stm32cube.ide.mcu.externaltools.gnu-tools-for-stm32.10.3-2021.10.win32_1.0.0.202111181127/tools/bin/../lib/gcc/arm-none-eabi/10.3.1/../../../../arm-none-eabi/lib/thumb/v6-m/nofp\libc_nano.a(lib_a-init.o)
 .ARM.attributes
                0x00000000000005c0       0x2c c:/st/stm32cubeide_1.10.1/stm32cubeide/plugins/com.st.stm32cube.ide.mcu.externaltools.gnu-tools-for-stm32.10.3-2021.10.win32_1.0.0.202111181127/tools/bin/../lib/gcc/arm-none-eabi/10.3.1/../../../../arm-none-eabi/lib/thumb/v6-m/nofp\libc_nano.a(lib_a-memset.o)
 .ARM.attributes
                0x00000000000005ec       0x1c c:/st/stm32cubeide_1.10.1/stm32cubeide/plugins/com.st.stm32cube.ide.mcu.externaltools.gnu-tools-for-stm32.10.3-2021.10.win32_1.0.0.202111181127/tools/bin/../lib/gcc/arm-none-eabi/10.3.1/../../../../arm-none-eabi/lib/thumb/v6-m/nofp\libc_nano.a(lib_a-strcmp.o)
 .ARM.attributes
                0x0000000000000608       0x2c c:/st/stm32cubeide_1.10.1/stm32cubeide/plugins/com.st.stm32cube.ide.mcu.externaltools.gnu-tools-for-stm32.10.3-2021.10.win32_1.0.0.202111181127/tools/bin/../lib/gcc/arm-none-eabi/10.3.1/../../../../arm-none-eabi/lib/thumb/v6-m/nofp\libc_nano.a(lib_a-strncpy.o)
 .ARM.attributes
                0x0000000000000634       0x2c c:/st/stm32cubeide_1.10.1/stm32cubeide/plugins/com.st.stm32cube.ide.mcu.externaltools.gnu-tools-for-stm32.10.3-2021.10.win32_1.0.0.202111181127/tools/bin/../lib/gcc/arm-none-eabi/10.3.1/../../../../arm-none-eabi/lib/thumb/v6-m/nofp\libc_nano.a(lib_a-strtok_r.o)
 .ARM.attributes
                0x0000000000000660       0x2c c:/st/stm32cubeide_1.10.1/stm32cubeide/plugins/com.st.stm32cube.ide.mcu.externaltools.gnu-tools-for-stm32.10.3-2021.10.win32_1.0.0.202111181127/tools/bin/../lib/gcc/arm-none-eabi/10.3.1/../../../../arm-none-eabi/lib/thumb/v6-m/nofp\libc_nano.a(lib_a-strtoul.o)
 .ARM.attributes
                0x000000000000068c       0x2c c:/st/stm32cubeide_1.10.1/stm32cubeide/plugins/com.st.stm32cube.ide.mcu.externaltools.gnu-tools-for-stm32.10.3-2021.10.win32_1.0.0.202111181127/tools/bin/../lib/gcc/arm-none-eabi/10.3.1/../../../../arm-none-eabi/lib/thumb/v6-m/nofp\libc_nano.a(lib_a-vsnprintf.o)
 .ARM.attributes
                0x00000000000006b8       0x2c c:/st/stm32cubeide_1.10.1/stm32cubeide/plugins/com.st.stm32cube.ide.mcu.externaltools.gnu-tools-for-stm32.10.3-2021.10.win32_1.0.0.202111181127/tools/bin/../lib/gcc/arm-none-eabi/10.3.1/../../../../arm-none-eabi/lib/thumb/v6-m/nofp\libc_nano.a(lib_a-ctype_.o)
 .ARM.attributes
                0x00000000000006e4       0x2c c:/st/stm32cubeide_1.10.1/stm32cubeide/plugins/com.st.stm32cube.ide.mcu.externaltools.gnu-tools-for-stm32.10.3-2021.10.win32_1.0.0.202111181127/tools/bin/../lib/gcc/arm-none-eabi/10.3.1/../../../../arm-none-eabi/lib/thumb/v6-m/nofp\libc_nano.a(lib_a-nano-svfprintf.o)
 .ARM.attributes
                0x0000000000000710       0x2c c:/st/stm32cubeide_1.10.1/stm32cubeide/plugins/com.st.stm32cube.ide.mcu.externaltools.gnu-tools-for-stm32.10.3-2021.10.win32_1.0.0.202111181127/tools/bin/../lib/gcc/arm-none-eabi/10.3.1/../../../../arm-none-eabi/lib/thumb/v6-m/nofp\libc_nano.a(lib_a-nano-vfprintf_i.o)
 .ARM.attributes
                0x000000000000073c       0x2c c:/st/stm32cubeide_1.10.1/stm32cubeide/plugins/com.st.stm32cube.ide.mcu.externaltools.gnu-tools-for-stm32.10.3-2021.10.win32_1.0.0.202111181127/tools/bin/../lib/gcc/arm-none-eabi/10.3.1/../../../../arm-none-eabi/lib/thumb/v6-m/nofp\libc_nano.a(lib_a-memchr-stub.o)
 .ARM.attributes
                0x0000000000000768       0x2c c:/st/stm32cubeide_1.10.1/stm32cubeide/plugins/com.st.stm32cube.ide.mcu.externaltools.gnu-tools-for-stm32.10.3-2021.10.win32_1.0.0.202111181127/tools/bin/../lib/gcc/arm-none-eabi/10.3.1/../../../../arm-none-eabi/lib/thumb/v6-m/nofp\libc_nano.a(lib_a-memcpy-stub.o)
 .ARM.attributes
                0x0000000000000794       0x2c c:/st/stm32cubeide_1.10.1/stm32cubeide/plugins/com.st.stm32cube.ide.mcu.externaltools.gnu-tools-for-stm32.10.3-2021.10.win32_1.0.0.202111181127/tools/bin/../lib/gcc/arm-none-eabi/10.3.1/../../../../arm-none-eabi/lib/thumb/v6-m/nofp\libc_nano.a(lib_a-memmove.o)
 .ARM.attributes
                0x00000000000007c0       0x2c c:/st/stm32cubeide_1.10.1/stm32cubeide/plugins/com.st.stm32cube.ide.mcu.externaltools.gnu-tools-for-stm32.10.3-2021.10.win32_1.0.0.202111181127/tools/bin/../lib/gcc/arm-none-eabi/10.3.1/../../../../arm-none-eabi/lib/thumb/v6-m/nofp\libc_nano.a(lib_a-nano-freer.o)
 .ARM.attributes
                0x00000000000007ec       0x2c c:/st/stm32cubeide_1.10.1/stm32cubeide/plugins/com.st.stm32cube.ide.mcu.externaltools.gnu-tools-for-stm32.10.3-2021.10.win32_1.0.0.202111181127/tools/bin/../lib/gcc/arm-none-eabi/10.3.1/../../../../arm-none-eabi/lib/thumb/v6-m/nofp\libc_nano.a(lib_a-nano-mallocr.o)
 .ARM.attributes
                0x0000000000000818       0x2c c:/st/stm32cubeide_1.10.1/stm32cubeide/plugins/com.st.stm32cube.ide.mcu.externaltools.gnu-tools-for-stm32.10.3-2021.10.win32_1.0.0.202111181127/tools/bin/../lib/gcc/arm-none-eabi/10.3.1/../../../../arm-none-eabi/lib/thumb/v6-m/nofp\libc_nano.a(lib_a-nano-reallocr.o)
 .ARM.attributes
                0x0000000000000844       0x2c c:/st/stm32cubeide_1.10.1/stm32cubeide/plugins/com.st.stm32cube.ide.mcu.externaltools.gnu-tools-for-stm32.10.3-2021.10.win32_1.0.0.202111181127/tools/bin/../lib/gcc/arm-none-eabi/10.3.1/../../../../arm-none-eabi/lib/thumb/v6-m/nofp\libc_nano.a(lib_a-sbrkr.o)
 .ARM.attributes
                0x0000000000000870       0x2c c:/st/stm32cubeide_1.10.1/stm32cubeide/plugins/com.st.stm32cube.ide.mcu.externaltools.gnu-tools-for-stm32.10.3-2021.10.win32_1.0.0.202111181127/tools/bin/../lib/gcc/arm-none-eabi/10.3.1/../../../../arm-none-eabi/lib/thumb/v6-m/nofp\libc_nano.a(lib_a-mlock.o)
 .ARM.attributes
                0x000000000000089c       0x2c c:/st/stm32cubeide_1.10.1/stm32cubeide/plugins/com.st.stm32cube.ide.mcu.externaltools.gnu-tools-for-stm32.10.3-2021.10.win32_1.0.0.202111181127/tools/bin/../lib/gcc/arm-none-eabi/10.3.1/../../../../arm-none-eabi/lib/thumb/v6-m/nofp\libc_nano.a(lib_a-nano-msizer.o)
 .ARM.attributes
                0x00000000000008c8       0x2c c:/st/stm32cubeide_1.10.1/stm32cubeide/plugins/com.st.stm32cube.ide.mcu.externaltools.gnu-tools-for-stm32.10.3-2021.10.win32_1.0.0.202111181127/tools/bin/../lib/gcc/arm-none-eabi/10.3.1/../../../../arm-none-eabi/lib/thumb/v6-m/nofp\libc_nano.a(lib_a-reent.o)
 .ARM.attributes
                0x00000000000008f4       0x2c c:/st/stm32cubeide_1.10.1/stm32cubeide/plugins/com.st.stm32cube.ide.mcu.externaltools.gnu-tools-for-stm32.10.3-2021.10.win32_1.0.0.202111181127/tools/bin/../lib/gcc/arm-none-eabi/10.3.1/../../../../arm-none-eabi/lib/thumb/v6-m/nofp\libc_nano.a(lib_a-lock.o)
 .ARM.attributes
                0x0000000000000920       0x1e c:/st/stm32cubeide_1.10.1/stm32cubeide/plugins/com.st.stm32cube.ide.mcu.externaltools.gnu-tools-for-stm32.10.3-2021.10.win32_1.0.0.202111181127/tools/bin/../lib/gcc/arm-none-eabi/10.3.1/thumb/v6-m/nofp\libgcc.a(_thumb1_case_shi.o)
 .ARM.attributes
                0x000000000000093e       0x1e c:/st/stm32cubeide_1.10.1/stm32cubeide/plugins/com.st.stm32cube.ide.mcu.externaltools.gnu-tools-for-stm32.10.3-2021.10.win32_1.0.0.202111181127/tools/bin/../lib/gcc/arm-none-eabi/10.3.1/thumb/v6-m/nofp\libgcc.a(_udivsi3.o)
 .ARM.attributes
                0x000000000000095c       0x1e c:/st/stm32cubeide_1.10.1/stm32cubeide/plugins/com.st.stm32cube.ide.mcu.externaltools.gnu-tools-for-stm32.10.3-2021.10.win32_1.0.0.202111181127/tools/bin/../lib/gcc/arm-none-eabi/10.3.1/thumb/v6-m/nofp\libgcc.a(_divsi3.o)
 .ARM.attributes
                0x000000000000097a       0x1e c:/st/stm32cubeide_1.10.1/stm32cubeide/plugins/com.st.stm32cube.ide.mcu.externaltools.gnu-tools-for-stm32.10.3-2021.10.win32_1.0.0.202111181127/tools/bin/../lib/gcc/arm-none-eabi/10.3.1/thumb/v6-m/nofp\libgcc.a(_dvmd_tls.o)
 .ARM.attributes
                0x0000000000000998       0x1e c:/st/stm32cubeide_1.10.1/stm32cubeide/plugins/com.st.stm32cube.ide.mcu.externaltools.gnu-tools-for-stm32.10.3-2021.10.win32_1.0.0.202111181127/tools/bin/../lib/gcc/arm-none-eabi/10.3.1/thumb/v6-m/nofp/crtn.o
OUTPUT(stm32c0_rtc.elf elf32-littlearm)
LOAD linker stubs
LOAD c:/st/stm32cubeide_1.10.1/stm32cubeide/plugins/com.st.stm32cube.ide.mcu.externaltools.gnu-tools-for-stm32.10.3-2021.10.win32_1.0.0.202111181127/tools/bin/../lib/gcc/arm-none-eabi/10.3.1/../../../../arm-none-eabi/lib/thumb/v6-m/nofp\libc.a
LOAD c:/st/stm32cubeide_1.10.1/stm32cubeide/plugins/com.st.stm32cube.ide.mcu.externaltools.gnu-tools-for-stm32.10.3-2021.10.win32_1.0.0.202111181127/tools/bin/../lib/gcc/arm-none-eabi/10.3.1/../../../../arm-none-eabi/lib/thumb/v6-m/nofp\libm.a
LOAD c:/st/stm32cubeide_1.10.1/stm32cubeide/plugins/com.st.stm32cube.ide.mcu.externaltools.gnu-tools-for-stm32.10.3-2021.10.win32_1.0.0.202111181127/tools/bin/../lib/gcc/arm-none-eabi/10.3.1/thumb/v6-m/nofp\libgcc.a

.debug_info     0x0000000000000000    0x1d75c
 .debug_info    0x0000000000000000      0x68a ./App/ap.o
 .debug_info    0x000000000000068a      0x8bb ./App/src/adc.o
 .debug_info    0x0000000000000f45      0x25b ./App/src/button.o
 .debug_info    0x00000000000011a0      0x776 ./App/src/cli.o
 .debug_info    0x0000000000001916      0x23e ./App/src/led.o
 .debug_info    0x0000000000001b54      0x8b6 ./App/src/pwm.o
 .debug_info    0x000000000000240a      0xc50 ./App/src/rtc.o
 .debug_info    0x000000000000305a      0xa76 ./App/src/swtimer.o
 .debug_info    0x0000000000003ad0      0xb8f ./App/src/uart.o
 .debug_info    0x000000000000465f      0x154 ./App/src/utils.o
 .debug_info    0x00000000000047b3     0x2100 ./Core/Src/main.o
 .debug_info    0x00000000000068b3     0x1bdf ./Core/Src/stm32c0xx_hal_msp.o
 .debug_info    0x0000000000008492      0x847 ./Core/Src/stm32c0xx_it.o
 .debug_info    0x0000000000008cd9      0x186 ./Core/Src/sysmem.o
 .debug_info    0x0000000000008e5f      0x37b ./Core/Src/system_stm32c0xx.o
 .debug_info    0x00000000000091da       0x22 ./Core/Startup/startup_stm32c031c6tx.o
 .debug_info    0x00000000000091fc      0xa0b ./Drivers/STM32C0xx_HAL_Driver/Src/stm32c0xx_hal.o
 .debug_info    0x0000000000009c07     0x2374 ./Drivers/STM32C0xx_HAL_Driver/Src/stm32c0xx_hal_adc.o
 .debug_info    0x000000000000bf7b      0xc90 ./Drivers/STM32C0xx_HAL_Driver/Src/stm32c0xx_hal_adc_ex.o
 .debug_info    0x000000000000cc0b      0x9ff ./Drivers/STM32C0xx_HAL_Driver/Src/stm32c0xx_hal_cortex.o
 .debug_info    0x000000000000d60a      0xa10 ./Drivers/STM32C0xx_HAL_Driver/Src/stm32c0xx_hal_dma.o
 .debug_info    0x000000000000e01a      0x5f2 ./Drivers/STM32C0xx_HAL_Driver/Src/stm32c0xx_hal_gpio.o
 .debug_info    0x000000000000e60c      0xb0f ./Drivers/STM32C0xx_HAL_Driver/Src/stm32c0xx_hal_rcc.o
 .debug_info    0x000000000000f11b      0xf7a ./Drivers/STM32C0xx_HAL_Driver/Src/stm32c0xx_hal_rtc.o
 .debug_info    0x0000000000010095     0x3fbd ./Drivers/STM32C0xx_HAL_Driver/Src/stm32c0xx_hal_tim.o
 .debug_info    0x0000000000014052     0x1f9f ./Drivers/STM32C0xx_HAL_Driver/Src/stm32c0xx_hal_tim_ex.o
 .debug_info    0x0000000000015ff1     0x615b ./Drivers/STM32C0xx_HAL_Driver/Src/stm32c0xx_hal_uart.o
 .debug_info    0x000000000001c14c     0x122f ./Drivers/STM32C0xx_HAL_Driver/Src/stm32c0xx_hal_uart_ex.o
 .debug_info    0x000000000001d37b      0x3e1 ./Drivers/STM32C0xx_HAL_Driver/Src/stm32c0xx_ll_utils.o

.debug_abbrev   0x0000000000000000     0x3ee5
 .debug_abbrev  0x0000000000000000      0x1ef ./App/ap.o
 .debug_abbrev  0x00000000000001ef      0x1f7 ./App/src/adc.o
 .debug_abbrev  0x00000000000003e6      0x15a ./App/src/button.o
 .debug_abbrev  0x0000000000000540      0x204 ./App/src/cli.o
 .debug_abbrev  0x0000000000000744      0x136 ./App/src/led.o
 .debug_abbrev  0x000000000000087a      0x203 ./App/src/pwm.o
 .debug_abbrev  0x0000000000000a7d      0x23f ./App/src/rtc.o
 .debug_abbrev  0x0000000000000cbc      0x257 ./App/src/swtimer.o
 .debug_abbrev  0x0000000000000f13      0x23b ./App/src/uart.o
 .debug_abbrev  0x000000000000114e      0x105 ./App/src/utils.o
 .debug_abbrev  0x0000000000001253      0x358 ./Core/Src/main.o
 .debug_abbrev  0x00000000000015ab      0x39f ./Core/Src/stm32c0xx_hal_msp.o
 .debug_abbrev  0x000000000000194a      0x1ba ./Core/Src/stm32c0xx_it.o
 .debug_abbrev  0x0000000000001b04       0xec ./Core/Src/sysmem.o
 .debug_abbrev  0x0000000000001bf0      0x11c ./Core/Src/system_stm32c0xx.o
 .debug_abbrev  0x0000000000001d0c       0x12 ./Core/Startup/startup_stm32c031c6tx.o
 .debug_abbrev  0x0000000000001d1e      0x31b ./Drivers/STM32C0xx_HAL_Driver/Src/stm32c0xx_hal.o
 .debug_abbrev  0x0000000000002039      0x2e0 ./Drivers/STM32C0xx_HAL_Driver/Src/stm32c0xx_hal_adc.o
 .debug_abbrev  0x0000000000002319      0x2b2 ./Drivers/STM32C0xx_HAL_Driver/Src/stm32c0xx_hal_adc_ex.o
 .debug_abbrev  0x00000000000025cb      0x2bf ./Drivers/STM32C0xx_HAL_Driver/Src/stm32c0xx_hal_cortex.o
 .debug_abbrev  0x000000000000288a      0x1e5 ./Drivers/STM32C0xx_HAL_Driver/Src/stm32c0xx_hal_dma.o
 .debug_abbrev  0x0000000000002a6f      0x203 ./Drivers/STM32C0xx_HAL_Driver/Src/stm32c0xx_hal_gpio.o
 .debug_abbrev  0x0000000000002c72      0x2d7 ./Drivers/STM32C0xx_HAL_Driver/Src/stm32c0xx_hal_rcc.o
 .debug_abbrev  0x0000000000002f49      0x1e9 ./Drivers/STM32C0xx_HAL_Driver/Src/stm32c0xx_hal_rtc.o
 .debug_abbrev  0x0000000000003132      0x274 ./Drivers/STM32C0xx_HAL_Driver/Src/stm32c0xx_hal_tim.o
 .debug_abbrev  0x00000000000033a6      0x283 ./Drivers/STM32C0xx_HAL_Driver/Src/stm32c0xx_hal_tim_ex.o
 .debug_abbrev  0x0000000000003629      0x348 ./Drivers/STM32C0xx_HAL_Driver/Src/stm32c0xx_hal_uart.o
 .debug_abbrev  0x0000000000003971      0x335 ./Drivers/STM32C0xx_HAL_Driver/Src/stm32c0xx_hal_uart_ex.o
 .debug_abbrev  0x0000000000003ca6      0x23f ./Drivers/STM32C0xx_HAL_Driver/Src/stm32c0xx_ll_utils.o

.debug_loc      0x0000000000000000    0x12da3
 .debug_loc     0x0000000000000000      0x1a4 ./App/ap.o
 .debug_loc     0x00000000000001a4       0xa4 ./App/src/adc.o
 .debug_loc     0x0000000000000248      0x10d ./App/src/button.o
 .debug_loc     0x0000000000000355      0x25b ./App/src/cli.o
 .debug_loc     0x00000000000005b0       0xeb ./App/src/led.o
 .debug_loc     0x000000000000069b       0x73 ./App/src/pwm.o
 .debug_loc     0x000000000000070e      0x23d ./App/src/rtc.o
 .debug_loc     0x000000000000094b      0x210 ./App/src/swtimer.o
 .debug_loc     0x0000000000000b5b      0x381 ./App/src/uart.o
 .debug_loc     0x0000000000000edc       0x25 ./App/src/utils.o
 .debug_loc     0x0000000000000f01       0x85 ./Core/Src/main.o
 .debug_loc     0x0000000000000f86      0x327 ./Core/Src/stm32c0xx_hal_msp.o
 .debug_loc     0x00000000000012ad       0x93 ./Core/Src/sysmem.o
 .debug_loc     0x0000000000001340       0x2e ./Core/Src/system_stm32c0xx.o
 .debug_loc     0x000000000000136e      0x1b6 ./Drivers/STM32C0xx_HAL_Driver/Src/stm32c0xx_hal.o
 .debug_loc     0x0000000000001524     0x19c6 ./Drivers/STM32C0xx_HAL_Driver/Src/stm32c0xx_hal_adc.o
 .debug_loc     0x0000000000002eea      0x41e ./Drivers/STM32C0xx_HAL_Driver/Src/stm32c0xx_hal_adc_ex.o
 .debug_loc     0x0000000000003308      0x458 ./Drivers/STM32C0xx_HAL_Driver/Src/stm32c0xx_hal_cortex.o
 .debug_loc     0x0000000000003760      0x931 ./Drivers/STM32C0xx_HAL_Driver/Src/stm32c0xx_hal_dma.o
 .debug_loc     0x0000000000004091      0x438 ./Drivers/STM32C0xx_HAL_Driver/Src/stm32c0xx_hal_gpio.o
 .debug_loc     0x00000000000044c9      0x640 ./Drivers/STM32C0xx_HAL_Driver/Src/stm32c0xx_hal_rcc.o
 .debug_loc     0x0000000000004b09      0xd3e ./Drivers/STM32C0xx_HAL_Driver/Src/stm32c0xx_hal_rtc.o
 .debug_loc     0x0000000000005847     0x572e ./Drivers/STM32C0xx_HAL_Driver/Src/stm32c0xx_hal_tim.o
 .debug_loc     0x000000000000af75     0x2955 ./Drivers/STM32C0xx_HAL_Driver/Src/stm32c0xx_hal_tim_ex.o
 .debug_loc     0x000000000000d8ca     0x467b ./Drivers/STM32C0xx_HAL_Driver/Src/stm32c0xx_hal_uart.o
 .debug_loc     0x0000000000011f45      0xcdf ./Drivers/STM32C0xx_HAL_Driver/Src/stm32c0xx_hal_uart_ex.o
 .debug_loc     0x0000000000012c24      0x17f ./Drivers/STM32C0xx_HAL_Driver/Src/stm32c0xx_ll_utils.o

.debug_aranges  0x0000000000000000     0x11b0
 .debug_aranges
                0x0000000000000000       0x38 ./App/ap.o
 .debug_aranges
                0x0000000000000038       0x30 ./App/src/adc.o
 .debug_aranges
                0x0000000000000068       0x30 ./App/src/button.o
 .debug_aranges
                0x0000000000000098       0x58 ./App/src/cli.o
 .debug_aranges
                0x00000000000000f0       0x40 ./App/src/led.o
 .debug_aranges
                0x0000000000000130       0x30 ./App/src/pwm.o
 .debug_aranges
                0x0000000000000160       0x50 ./App/src/rtc.o
 .debug_aranges
                0x00000000000001b0       0x50 ./App/src/swtimer.o
 .debug_aranges
                0x0000000000000200       0x48 ./App/src/uart.o
 .debug_aranges
                0x0000000000000248       0x28 ./App/src/utils.o
 .debug_aranges
                0x0000000000000270       0x68 ./Core/Src/main.o
 .debug_aranges
                0x00000000000002d8       0x68 ./Core/Src/stm32c0xx_hal_msp.o
 .debug_aranges
                0x0000000000000340       0x48 ./Core/Src/stm32c0xx_it.o
 .debug_aranges
                0x0000000000000388       0x20 ./Core/Src/sysmem.o
 .debug_aranges
                0x00000000000003a8       0x28 ./Core/Src/system_stm32c0xx.o
 .debug_aranges
                0x00000000000003d0       0x28 ./Core/Startup/startup_stm32c031c6tx.o
 .debug_aranges
                0x00000000000003f8      0x100 ./Drivers/STM32C0xx_HAL_Driver/Src/stm32c0xx_hal.o
 .debug_aranges
                0x00000000000004f8       0xf8 ./Drivers/STM32C0xx_HAL_Driver/Src/stm32c0xx_hal_adc.o
 .debug_aranges
                0x00000000000005f0       0x58 ./Drivers/STM32C0xx_HAL_Driver/Src/stm32c0xx_hal_adc_ex.o
 .debug_aranges
                0x0000000000000648       0x90 ./Drivers/STM32C0xx_HAL_Driver/Src/stm32c0xx_hal_cortex.o
 .debug_aranges
                0x00000000000006d8       0x90 ./Drivers/STM32C0xx_HAL_Driver/Src/stm32c0xx_hal_dma.o
 .debug_aranges
                0x0000000000000768       0x60 ./Drivers/STM32C0xx_HAL_Driver/Src/stm32c0xx_hal_gpio.o
 .debug_aranges
                0x00000000000007c8       0x90 ./Drivers/STM32C0xx_HAL_Driver/Src/stm32c0xx_hal_rcc.o
 .debug_aranges
                0x0000000000000858       0xc0 ./Drivers/STM32C0xx_HAL_Driver/Src/stm32c0xx_hal_rtc.o
 .debug_aranges
                0x0000000000000918      0x3e0 ./Drivers/STM32C0xx_HAL_Driver/Src/stm32c0xx_hal_tim.o
 .debug_aranges
                0x0000000000000cf8      0x198 ./Drivers/STM32C0xx_HAL_Driver/Src/stm32c0xx_hal_tim_ex.o
 .debug_aranges
                0x0000000000000e90      0x248 ./Drivers/STM32C0xx_HAL_Driver/Src/stm32c0xx_hal_uart.o
 .debug_aranges
                0x00000000000010d8       0xa0 ./Drivers/STM32C0xx_HAL_Driver/Src/stm32c0xx_hal_uart_ex.o
 .debug_aranges
                0x0000000000001178       0x38 ./Drivers/STM32C0xx_HAL_Driver/Src/stm32c0xx_ll_utils.o

.debug_ranges   0x0000000000000000     0x11c0
 .debug_ranges  0x0000000000000000       0x40 ./App/ap.o
 .debug_ranges  0x0000000000000040       0x20 ./App/src/adc.o
 .debug_ranges  0x0000000000000060       0x38 ./App/src/button.o
 .debug_ranges  0x0000000000000098       0x80 ./App/src/cli.o
 .debug_ranges  0x0000000000000118       0x30 ./App/src/led.o
 .debug_ranges  0x0000000000000148       0x20 ./App/src/pwm.o
 .debug_ranges  0x0000000000000168       0x40 ./App/src/rtc.o
 .debug_ranges  0x00000000000001a8       0x40 ./App/src/swtimer.o
 .debug_ranges  0x00000000000001e8       0x38 ./App/src/uart.o
 .debug_ranges  0x0000000000000220       0x18 ./App/src/utils.o
 .debug_ranges  0x0000000000000238       0x58 ./Core/Src/main.o
 .debug_ranges  0x0000000000000290       0x70 ./Core/Src/stm32c0xx_hal_msp.o
 .debug_ranges  0x0000000000000300       0x38 ./Core/Src/stm32c0xx_it.o
 .debug_ranges  0x0000000000000338       0x10 ./Core/Src/sysmem.o
 .debug_ranges  0x0000000000000348       0x18 ./Core/Src/system_stm32c0xx.o
 .debug_ranges  0x0000000000000360       0x20 ./Core/Startup/startup_stm32c031c6tx.o
 .debug_ranges  0x0000000000000380       0xf0 ./Drivers/STM32C0xx_HAL_Driver/Src/stm32c0xx_hal.o
 .debug_ranges  0x0000000000000470      0x1a8 ./Drivers/STM32C0xx_HAL_Driver/Src/stm32c0xx_hal_adc.o
 .debug_ranges  0x0000000000000618       0x48 ./Drivers/STM32C0xx_HAL_Driver/Src/stm32c0xx_hal_adc_ex.o
 .debug_ranges  0x0000000000000660       0xe0 ./Drivers/STM32C0xx_HAL_Driver/Src/stm32c0xx_hal_cortex.o
 .debug_ranges  0x0000000000000740       0x80 ./Drivers/STM32C0xx_HAL_Driver/Src/stm32c0xx_hal_dma.o
 .debug_ranges  0x00000000000007c0       0x50 ./Drivers/STM32C0xx_HAL_Driver/Src/stm32c0xx_hal_gpio.o
 .debug_ranges  0x0000000000000810       0xb8 ./Drivers/STM32C0xx_HAL_Driver/Src/stm32c0xx_hal_rcc.o
 .debug_ranges  0x00000000000008c8       0xb0 ./Drivers/STM32C0xx_HAL_Driver/Src/stm32c0xx_hal_rtc.o
 .debug_ranges  0x0000000000000978      0x3d0 ./Drivers/STM32C0xx_HAL_Driver/Src/stm32c0xx_hal_tim.o
 .debug_ranges  0x0000000000000d48      0x188 ./Drivers/STM32C0xx_HAL_Driver/Src/stm32c0xx_hal_tim_ex.o
 .debug_ranges  0x0000000000000ed0      0x238 ./Drivers/STM32C0xx_HAL_Driver/Src/stm32c0xx_hal_uart.o
 .debug_ranges  0x0000000000001108       0x90 ./Drivers/STM32C0xx_HAL_Driver/Src/stm32c0xx_hal_uart_ex.o
 .debug_ranges  0x0000000000001198       0x28 ./Drivers/STM32C0xx_HAL_Driver/Src/stm32c0xx_ll_utils.o

.debug_macro    0x0000000000000000    0x19e78
 .debug_macro   0x0000000000000000      0x4a8 ./App/ap.o
 .debug_macro   0x00000000000004a8      0xa54 ./App/ap.o
 .debug_macro   0x0000000000000efc       0x22 ./App/ap.o
 .debug_macro   0x0000000000000f1e       0x22 ./App/ap.o
 .debug_macro   0x0000000000000f40       0x8e ./App/ap.o
 .debug_macro   0x0000000000000fce       0x51 ./App/ap.o
 .debug_macro   0x000000000000101f      0x103 ./App/ap.o
 .debug_macro   0x0000000000001122       0x6a ./App/ap.o
 .debug_macro   0x000000000000118c      0x1df ./App/ap.o
 .debug_macro   0x000000000000136b       0x58 ./App/ap.o
 .debug_macro   0x00000000000013c3       0x52 ./App/ap.o
 .debug_macro   0x0000000000001415       0x18 ./App/ap.o
 .debug_macro   0x000000000000142d       0x3c ./App/ap.o
 .debug_macro   0x0000000000001469       0x34 ./App/ap.o
 .debug_macro   0x000000000000149d       0x16 ./App/ap.o
 .debug_macro   0x00000000000014b3       0x97 ./App/ap.o
 .debug_macro   0x000000000000154a      0x341 ./App/ap.o
 .debug_macro   0x000000000000188b       0xfd ./App/ap.o
 .debug_macro   0x0000000000001988       0x16 ./App/ap.o
 .debug_macro   0x000000000000199e       0x43 ./App/ap.o
 .debug_macro   0x00000000000019e1       0x34 ./App/ap.o
 .debug_macro   0x0000000000001a15       0x10 ./App/ap.o
 .debug_macro   0x0000000000001a25       0x58 ./App/ap.o
 .debug_macro   0x0000000000001a7d       0x71 ./App/ap.o
 .debug_macro   0x0000000000001aee       0x1c ./App/ap.o
 .debug_macro   0x0000000000001b0a      0x12a ./App/ap.o
 .debug_macro   0x0000000000001c34       0x10 ./App/ap.o
 .debug_macro   0x0000000000001c44       0x1c ./App/ap.o
 .debug_macro   0x0000000000001c60       0x52 ./App/ap.o
 .debug_macro   0x0000000000001cb2       0x22 ./App/ap.o
 .debug_macro   0x0000000000001cd4       0x10 ./App/ap.o
 .debug_macro   0x0000000000001ce4       0x52 ./App/ap.o
 .debug_macro   0x0000000000001d36       0xd5 ./App/ap.o
 .debug_macro   0x0000000000001e0b       0x1c ./App/ap.o
 .debug_macro   0x0000000000001e27       0x3d ./App/ap.o
 .debug_macro   0x0000000000001e64       0x16 ./App/ap.o
 .debug_macro   0x0000000000001e7a      0x145 ./App/ap.o
 .debug_macro   0x0000000000001fbf       0x16 ./App/ap.o
 .debug_macro   0x0000000000001fd5       0x35 ./App/ap.o
 .debug_macro   0x000000000000200a       0x20 ./App/ap.o
 .debug_macro   0x000000000000202a       0x16 ./App/ap.o
 .debug_macro   0x0000000000002040       0x16 ./App/ap.o
 .debug_macro   0x0000000000002056       0x29 ./App/ap.o
 .debug_macro   0x000000000000207f       0x2e ./App/ap.o
 .debug_macro   0x00000000000020ad       0x28 ./App/ap.o
 .debug_macro   0x00000000000020d5       0x1c ./App/ap.o
 .debug_macro   0x00000000000020f1       0x22 ./App/ap.o
 .debug_macro   0x0000000000002113       0xd1 ./App/ap.o
 .debug_macro   0x00000000000021e4      0x4da ./App/ap.o
 .debug_macro   0x00000000000026be      0x11f ./App/ap.o
 .debug_macro   0x00000000000027dd     0x9557 ./App/ap.o
 .debug_macro   0x000000000000bd34       0x6c ./App/ap.o
 .debug_macro   0x000000000000bda0      0x11f ./App/ap.o
 .debug_macro   0x000000000000bebf       0xf5 ./App/ap.o
 .debug_macro   0x000000000000bfb4     0x340f ./App/ap.o
 .debug_macro   0x000000000000f3c3       0x54 ./App/ap.o
 .debug_macro   0x000000000000f417      0x36d ./App/ap.o
 .debug_macro   0x000000000000f784      0xb42 ./App/ap.o
 .debug_macro   0x00000000000102c6      0x136 ./App/ap.o
 .debug_macro   0x00000000000103fc      0x158 ./App/ap.o
 .debug_macro   0x0000000000010554      0x1b5 ./App/ap.o
 .debug_macro   0x0000000000010709      0x264 ./App/ap.o
 .debug_macro   0x000000000001096d      0x17e ./App/ap.o
 .debug_macro   0x0000000000010aeb       0x43 ./App/ap.o
 .debug_macro   0x0000000000010b2e      0x1f1 ./App/ap.o
 .debug_macro   0x0000000000010d1f      0x918 ./App/ap.o
 .debug_macro   0x0000000000011637      0x5c9 ./App/ap.o
 .debug_macro   0x0000000000011c00       0x2e ./App/ap.o
 .debug_macro   0x0000000000011c2e      0x1b1 ./App/ap.o
 .debug_macro   0x0000000000011ddf      0x34b ./App/ap.o
 .debug_macro   0x000000000001212a       0x28 ./App/ap.o
 .debug_macro   0x0000000000012152       0xba ./App/ap.o
 .debug_macro   0x000000000001220c       0xff ./App/ap.o
 .debug_macro   0x000000000001230b       0xcc ./App/ap.o
 .debug_macro   0x00000000000123d7      0x2bf ./App/ap.o
 .debug_macro   0x0000000000012696      0x132 ./App/ap.o
 .debug_macro   0x00000000000127c8       0xeb ./App/ap.o
 .debug_macro   0x00000000000128b3      0xa9f ./App/ap.o
 .debug_macro   0x0000000000013352      0x10a ./App/ap.o
 .debug_macro   0x000000000001345c      0x669 ./App/ap.o
 .debug_macro   0x0000000000013ac5       0xa6 ./App/ap.o
 .debug_macro   0x0000000000013b6b      0x38c ./App/ap.o
 .debug_macro   0x0000000000013ef7       0xb2 ./App/ap.o
 .debug_macro   0x0000000000013fa9      0x161 ./App/ap.o
 .debug_macro   0x000000000001410a      0x179 ./App/ap.o
 .debug_macro   0x0000000000014283       0x58 ./App/ap.o
 .debug_macro   0x00000000000142db      0x14a ./App/ap.o
 .debug_macro   0x0000000000014425      0x2c2 ./App/ap.o
 .debug_macro   0x00000000000146e7      0x185 ./App/ap.o
 .debug_macro   0x000000000001486c      0x166 ./App/ap.o
 .debug_macro   0x00000000000149d2       0x40 ./App/ap.o
 .debug_macro   0x0000000000014a12       0x10 ./App/ap.o
 .debug_macro   0x0000000000014a22       0x10 ./App/ap.o
 .debug_macro   0x0000000000014a32      0x450 ./App/src/adc.o
 .debug_macro   0x0000000000014e82      0x460 ./App/src/button.o
 .debug_macro   0x00000000000152e2      0x45f ./App/src/cli.o
 .debug_macro   0x0000000000015741      0x45a ./App/src/led.o
 .debug_macro   0x0000000000015b9b      0x450 ./App/src/pwm.o
 .debug_macro   0x0000000000015feb      0x45a ./App/src/rtc.o
 .debug_macro   0x0000000000016445      0x456 ./App/src/swtimer.o
 .debug_macro   0x000000000001689b      0x45c ./App/src/uart.o
 .debug_macro   0x0000000000016cf7      0x450 ./App/src/utils.o
 .debug_macro   0x0000000000017147      0x4a8 ./Core/Src/main.o
 .debug_macro   0x00000000000175ef      0x174 ./Core/Src/main.o
 .debug_macro   0x0000000000017763       0x5a ./Core/Src/main.o
 .debug_macro   0x00000000000177bd      0x271 ./Core/Src/stm32c0xx_hal_msp.o
 .debug_macro   0x0000000000017a2e      0x27b ./Core/Src/stm32c0xx_it.o
 .debug_macro   0x0000000000017ca9       0xff ./Core/Src/sysmem.o
 .debug_macro   0x0000000000017da8      0x23b ./Core/Src/sysmem.o
 .debug_macro   0x0000000000017fe3      0x217 ./Core/Src/system_stm32c0xx.o
 .debug_macro   0x00000000000181fa      0x22f ./Drivers/STM32C0xx_HAL_Driver/Src/stm32c0xx_hal.o
 .debug_macro   0x0000000000018429      0x235 ./Drivers/STM32C0xx_HAL_Driver/Src/stm32c0xx_hal_adc.o