../Drivers/STM32C0xx_HAL_Driver/Src/stm32c0xx_hal_adc.c:888:13:HAL_ADC_MspInit	0	static
../Drivers/STM32C0xx_HAL_Driver/Src/stm32c0xx_hal_adc.c:387:19:HAL_ADC_Init	24	static
../Drivers/STM32C0xx_HAL_Driver/Src/stm32c0xx_hal_adc.c:905:13:HAL_ADC_MspDeInit	0	static
../Drivers/STM32C0xx_HAL_Driver/Src/stm32c0xx_hal_adc.c:1296:19:HAL_ADC_PollForConversion	24	static
../Drivers/STM32C0xx_HAL_Driver/Src/stm32c0xx_hal_adc.c:1423:19:HAL_ADC_PollForEvent	24	static
../Drivers/STM32C0xx_HAL_Driver/Src/stm32c0xx_hal_adc.c:1876:10:HAL_ADC_GetValue	0	static
../Drivers/STM32C0xx_HAL_Driver/Src/stm32c0xx_hal_adc.c:2102:13:HAL_ADC_ConvCpltCallback	0	static
../Drivers/STM32C0xx_HAL_Driver/Src/stm32c0xx_hal_adc.c:2117:13:HAL_ADC_ConvHalfCpltCallback	0	static
../Drivers/STM32C0xx_HAL_Driver/Src/stm32c0xx_hal_adc.c:2956:13:ADC_DMAHalfConvCplt	8	static
../Drivers/STM32C0xx_HAL_Driver/Src/stm32c0xx_hal_adc.c:2132:13:HAL_ADC_LevelOutOfWindowCallback	0	static
../Drivers/STM32C0xx_HAL_Driver/Src/stm32c0xx_hal_adc.c:2154:13:HAL_ADC_ErrorCallback	0	static
../Drivers/STM32C0xx_HAL_Driver/Src/stm32c0xx_hal_adc.c:2974:13:ADC_DMAError	8	static
../Drivers/STM32C0xx_HAL_Driver/Src/stm32c0xx_hal_adc.c:2878:13:ADC_DMAConvCplt	8	static
../Drivers/STM32C0xx_HAL_Driver/Src/stm32c0xx_hal_adc.c:1893:6:HAL_ADC_IRQHandler	16	static
../Drivers/STM32C0xx_HAL_Driver/Src/stm32c0xx_hal_adc.c:2200:19:HAL_ADC_ConfigChannel	32	static
../Drivers/STM32C0xx_HAL_Driver/Src/stm32c0xx_hal_adc.c:2642:10:HAL_ADC_GetState	0	static
../Drivers/STM32C0xx_HAL_Driver/Src/stm32c0xx_hal_adc.c:2656:10:HAL_ADC_GetError	0	static
../Drivers/STM32C0xx_HAL_Driver/Src/stm32c0xx_hal_adc.c:2683:19:ADC_ConversionStop	16	static
../Drivers/STM32C0xx_HAL_Driver/Src/stm32c0xx_hal_adc.c:2733:19:ADC_Enable	24	static
../Drivers/STM32C0xx_HAL_Driver/Src/stm32c0xx_hal_adc.c:1172:19:HAL_ADC_Start	8	static
../Drivers/STM32C0xx_HAL_Driver/Src/stm32c0xx_hal_adc.c:1550:19:HAL_ADC_Start_IT	8	static
../Drivers/STM32C0xx_HAL_Driver/Src/stm32c0xx_hal_adc.c:1694:19:HAL_ADC_Start_DMA	16	static
../Drivers/STM32C0xx_HAL_Driver/Src/stm32c0xx_hal_adc.c:2820:19:ADC_Disable	16	static
../Drivers/STM32C0xx_HAL_Driver/Src/stm32c0xx_hal_adc.c:759:19:HAL_ADC_DeInit	16	static
../Drivers/STM32C0xx_HAL_Driver/Src/stm32c0xx_hal_adc.c:1242:19:HAL_ADC_Stop	8	static
../Drivers/STM32C0xx_HAL_Driver/Src/stm32c0xx_hal_adc.c:1644:19:HAL_ADC_Stop_IT	8	static
../Drivers/STM32C0xx_HAL_Driver/Src/stm32c0xx_hal_adc.c:1792:19:HAL_ADC_Stop_DMA	16	static
../Drivers/STM32C0xx_HAL_Driver/Src/stm32c0xx_hal_adc.c:2400:19:HAL_ADC_AnalogWDGConfig	24	static
