../Drivers/STM32C0xx_HAL_Driver/Src/stm32c0xx_hal_rtc.c:499:13:HAL_RTC_MspInit	0	static
../Drivers/STM32C0xx_HAL_Driver/Src/stm32c0xx_hal_rtc.c:514:13:HAL_RTC_MspDeInit	0	static
../Drivers/STM32C0xx_HAL_Driver/Src/stm32c0xx_hal_rtc.c:1140:19:HAL_RTC_DeactivateAlarm	16	static
../Drivers/STM32C0xx_HAL_Driver/Src/stm32c0xx_hal_rtc.c:1281:13:HAL_RTC_AlarmAEventCallback	0	static
../Drivers/STM32C0xx_HAL_Driver/Src/stm32c0xx_hal_rtc.c:1251:6:HAL_RTC_AlarmIRQHandler	8	static
../Drivers/STM32C0xx_HAL_Driver/Src/stm32c0xx_hal_rtc.c:1297:19:HAL_RTC_PollForAlarmAEvent	16	static
../Drivers/STM32C0xx_HAL_Driver/Src/stm32c0xx_hal_rtc.c:1356:19:HAL_RTC_WaitForSynchro	16	static
../Drivers/STM32C0xx_HAL_Driver/Src/stm32c0xx_hal_rtc.c:1400:21:HAL_RTC_GetState	0	static
../Drivers/STM32C0xx_HAL_Driver/Src/stm32c0xx_hal_rtc.c:1423:19:RTC_EnterInitMode	16	static
../Drivers/STM32C0xx_HAL_Driver/Src/stm32c0xx_hal_rtc.c:1454:19:RTC_ExitInitMode	8	static
../Drivers/STM32C0xx_HAL_Driver/Src/stm32c0xx_hal_rtc.c:183:19:HAL_RTC_Init	16	static
../Drivers/STM32C0xx_HAL_Driver/Src/stm32c0xx_hal_rtc.c:274:19:HAL_RTC_DeInit	16	static
../Drivers/STM32C0xx_HAL_Driver/Src/stm32c0xx_hal_rtc.c:1490:9:RTC_ByteToBcd2	0	static
../Drivers/STM32C0xx_HAL_Driver/Src/stm32c0xx_hal_rtc.c:552:19:HAL_RTC_SetTime	16	static
../Drivers/STM32C0xx_HAL_Driver/Src/stm32c0xx_hal_rtc.c:706:19:HAL_RTC_SetDate	16	static
../Drivers/STM32C0xx_HAL_Driver/Src/stm32c0xx_hal_rtc.c:844:19:HAL_RTC_SetAlarm	24	static
../Drivers/STM32C0xx_HAL_Driver/Src/stm32c0xx_hal_rtc.c:994:19:HAL_RTC_SetAlarm_IT	24	static
../Drivers/STM32C0xx_HAL_Driver/Src/stm32c0xx_hal_rtc.c:1509:9:RTC_Bcd2ToByte	0	static
../Drivers/STM32C0xx_HAL_Driver/Src/stm32c0xx_hal_rtc.c:662:19:HAL_RTC_GetTime	16	static
../Drivers/STM32C0xx_HAL_Driver/Src/stm32c0xx_hal_rtc.c:790:19:HAL_RTC_GetDate	16	static
../Drivers/STM32C0xx_HAL_Driver/Src/stm32c0xx_hal_rtc.c:1207:19:HAL_RTC_GetAlarm	16	static
