../Core/Src/main.c:484:13:MX_DMA_Init	8	static
../Core/Src/main.c:497:13:MX_GPIO_Init	16	static
../Core/Src/main.c:515:6:Error_Handler	0	static,ignoring_inline_asm
../Core/Src/main.c:325:13:MX_TIM1_Init	120	static
../Core/Src/main.c:180:13:MX_ADC1_Init	24	static
../Core/Src/main.c:438:13:MX_USART1_UART_Init	8	static
../Core/Src/main.c:407:13:MX_TIM14_Init	8	static
../Core/Src/main.c:259:13:MX_RTC_Init	32	static
../Core/Src/main.c:129:6:SystemClock_Config	8	static
../Core/Src/main.c:79:5:main	8	static
