21:04:16 **** Build of configuration Debug for project stm32c0_adc_scan_dma ****
make -j12 all 
arm-none-eabi-gcc "../Drivers/STM32C0xx_HAL_Driver/Src/stm32c0xx_hal.c" -mcpu=cortex-m0plus -std=gnu11 -g3 -DDEBUG -DUSE_HAL_DRIVER -DSTM32C031xx -c -I../Core/Inc -I../Drivers/STM32C0xx_HAL_Driver/Inc -I../Drivers/STM32C0xx_HAL_Driver/Inc/Legacy -I../Drivers/CMSIS/Device/ST/STM32C0xx/Include -I../Drivers/CMSIS/Include -I"C:/STJ Projects Files/STM32 CubeIDE Files/STM32C031-DK Board Lecture/STM32C0/stm32c0_adc_scan_dma/App/include" -I"C:/STJ Projects Files/STM32 CubeIDE Files/STM32C031-DK Board Lecture/STM32C0/stm32c0_adc_scan_dma/App" -O0 -ffunction-sections -fdata-sections -Wall -fstack-usage -MMD -MP -MF"Drivers/STM32C0xx_HAL_Driver/Src/stm32c0xx_hal.d" -MT"Drivers/STM32C0xx_HAL_Driver/Src/stm32c0xx_hal.o" --specs=nano.specs -mfloat-abi=soft -mthumb -o "Drivers/STM32C0xx_HAL_Driver/Src/stm32c0xx_hal.o"
arm-none-eabi-gcc "../Drivers/STM32C0xx_HAL_Driver/Src/stm32c0xx_hal_adc.c" -mcpu=cortex-m0plus -std=gnu11 -g3 -DDEBUG -DUSE_HAL_DRIVER -DSTM32C031xx -c -I../Core/Inc -I../Drivers/STM32C0xx_HAL_Driver/Inc -I../Drivers/STM32C0xx_HAL_Driver/Inc/Legacy -I../Drivers/CMSIS/Device/ST/STM32C0xx/Include -I../Drivers/CMSIS/Include -I"C:/STJ Projects Files/STM32 CubeIDE Files/STM32C031-DK Board Lecture/STM32C0/stm32c0_adc_scan_dma/App/include" -I"C:/STJ Projects Files/STM32 CubeIDE Files/STM32C031-DK Board Lecture/STM32C0/stm32c0_adc_scan_dma/App" -O0 -ffunction-sections -fdata-sections -Wall -fstack-usage -MMD -MP -MF"Drivers/STM32C0xx_HAL_Driver/Src/stm32c0xx_hal_adc.d" -MT"Drivers/STM32C0xx_HAL_Driver/Src/stm32c0xx_hal_adc.o" --specs=nano.specs -mfloat-abi=soft -mthumb -o "Drivers/STM32C0xx_HAL_Driver/Src/stm32c0xx_hal_adc.o"
arm-none-eabi-gcc "../Drivers/STM32C0xx_HAL_Driver/Src/stm32c0xx_hal_adc_ex.c" -mcpu=cortex-m0plus -std=gnu11 -g3 -DDEBUG -DUSE_HAL_DRIVER -DSTM32C031xx -c -I../Core/Inc -I../Drivers/STM32C0xx_HAL_Driver/Inc -I../Drivers/STM32C0xx_HAL_Driver/Inc/Legacy -I../Drivers/CMSIS/Device/ST/STM32C0xx/Include -I../Drivers/CMSIS/Include -I"C:/STJ Projects Files/STM32 CubeIDE Files/STM32C031-DK Board Lecture/STM32C0/stm32c0_adc_scan_dma/App/include" -I"C:/STJ Projects Files/STM32 CubeIDE Files/STM32C031-DK Board Lecture/STM32C0/stm32c0_adc_scan_dma/App" -O0 -ffunction-sections -fdata-sections -Wall -fstack-usage -MMD -MP -MF"Drivers/STM32C0xx_HAL_Driver/Src/stm32c0xx_hal_adc_ex.d" -MT"Drivers/STM32C0xx_HAL_Driver/Src/stm32c0xx_hal_adc_ex.o" --specs=nano.specs -mfloat-abi=soft -mthumb -o "Drivers/STM32C0xx_HAL_Driver/Src/stm32c0xx_hal_adc_ex.o"
arm-none-eabi-gcc "../Drivers/STM32C0xx_HAL_Driver/Src/stm32c0xx_hal_cortex.c" -mcpu=cortex-m0plus -std=gnu11 -g3 -DDEBUG -DUSE_HAL_DRIVER -DSTM32C031xx -c -I../Core/Inc -I../Drivers/STM32C0xx_HAL_Driver/Inc -I../Drivers/STM32C0xx_HAL_Driver/Inc/Legacy -I../Drivers/CMSIS/Device/ST/STM32C0xx/Include -I../Drivers/CMSIS/Include -I"C:/STJ Projects Files/STM32 CubeIDE Files/STM32C031-DK Board Lecture/STM32C0/stm32c0_adc_scan_dma/App/include" -I"C:/STJ Projects Files/STM32 CubeIDE Files/STM32C031-DK Board Lecture/STM32C0/stm32c0_adc_scan_dma/App" -O0 -ffunction-sections -fdata-sections -Wall -fstack-usage -MMD -MP -MF"Drivers/STM32C0xx_HAL_Driver/Src/stm32c0xx_hal_cortex.d" -MT"Drivers/STM32C0xx_HAL_Driver/Src/stm32c0xx_hal_cortex.o" --specs=nano.specs -mfloat-abi=soft -mthumb -o "Drivers/STM32C0xx_HAL_Driver/Src/stm32c0xx_hal_cortex.o"
arm-none-eabi-gcc "../Drivers/STM32C0xx_HAL_Driver/Src/stm32c0xx_hal_dma.c" -mcpu=cortex-m0plus -std=gnu11 -g3 -DDEBUG -DUSE_HAL_DRIVER -DSTM32C031xx -c -I../Core/Inc -I../Drivers/STM32C0xx_HAL_Driver/Inc -I../Drivers/STM32C0xx_HAL_Driver/Inc/Legacy -I../Drivers/CMSIS/Device/ST/STM32C0xx/Include -I../Drivers/CMSIS/Include -I"C:/STJ Projects Files/STM32 CubeIDE Files/STM32C031-DK Board Lecture/STM32C0/stm32c0_adc_scan_dma/App/include" -I"C:/STJ Projects Files/STM32 CubeIDE Files/STM32C031-DK Board Lecture/STM32C0/stm32c0_adc_scan_dma/App" -O0 -ffunction-sections -fdata-sections -Wall -fstack-usage -MMD -MP -MF"Drivers/STM32C0xx_HAL_Driver/Src/stm32c0xx_hal_dma.d" -MT"Drivers/STM32C0xx_HAL_Driver/Src/stm32c0xx_hal_dma.o" --specs=nano.specs -mfloat-abi=soft -mthumb -o "Drivers/STM32C0xx_HAL_Driver/Src/stm32c0xx_hal_dma.o"
arm-none-eabi-gcc "../Drivers/STM32C0xx_HAL_Driver/Src/stm32c0xx_hal_dma_ex.c" -mcpu=cortex-m0plus -std=gnu11 -g3 -DDEBUG -DUSE_HAL_DRIVER -DSTM32C031xx -c -I../Core/Inc -I../Drivers/STM32C0xx_HAL_Driver/Inc -I../Drivers/STM32C0xx_HAL_Driver/Inc/Legacy -I../Drivers/CMSIS/Device/ST/STM32C0xx/Include -I../Drivers/CMSIS/Include -I"C:/STJ Projects Files/STM32 CubeIDE Files/STM32C031-DK Board Lecture/STM32C0/stm32c0_adc_scan_dma/App/include" -I"C:/STJ Projects Files/STM32 CubeIDE Files/STM32C031-DK Board Lecture/STM32C0/stm32c0_adc_scan_dma/App" -O0 -ffunction-sections -fdata-sections -Wall -fstack-usage -MMD -MP -MF"Drivers/STM32C0xx_HAL_Driver/Src/stm32c0xx_hal_dma_ex.d" -MT"Drivers/STM32C0xx_HAL_Driver/Src/stm32c0xx_hal_dma_ex.o" --specs=nano.specs -mfloat-abi=soft -mthumb -o "Drivers/STM32C0xx_HAL_Driver/Src/stm32c0xx_hal_dma_ex.o"
arm-none-eabi-gcc "../Drivers/STM32C0xx_HAL_Driver/Src/stm32c0xx_hal_exti.c" -mcpu=cortex-m0plus -std=gnu11 -g3 -DDEBUG -DUSE_HAL_DRIVER -DSTM32C031xx -c -I../Core/Inc -I../Drivers/STM32C0xx_HAL_Driver/Inc -I../Drivers/STM32C0xx_HAL_Driver/Inc/Legacy -I../Drivers/CMSIS/Device/ST/STM32C0xx/Include -I../Drivers/CMSIS/Include -I"C:/STJ Projects Files/STM32 CubeIDE Files/STM32C031-DK Board Lecture/STM32C0/stm32c0_adc_scan_dma/App/include" -I"C:/STJ Projects Files/STM32 CubeIDE Files/STM32C031-DK Board Lecture/STM32C0/stm32c0_adc_scan_dma/App" -O0 -ffunction-sections -fdata-sections -Wall -fstack-usage -MMD -MP -MF"Drivers/STM32C0xx_HAL_Driver/Src/stm32c0xx_hal_exti.d" -MT"Drivers/STM32C0xx_HAL_Driver/Src/stm32c0xx_hal_exti.o" --specs=nano.specs -mfloat-abi=soft -mthumb -o "Drivers/STM32C0xx_HAL_Driver/Src/stm32c0xx_hal_exti.o"
arm-none-eabi-gcc "../Drivers/STM32C0xx_HAL_Driver/Src/stm32c0xx_hal_flash.c" -mcpu=cortex-m0plus -std=gnu11 -g3 -DDEBUG -DUSE_HAL_DRIVER -DSTM32C031xx -c -I../Core/Inc -I../Drivers/STM32C0xx_HAL_Driver/Inc -I../Drivers/STM32C0xx_HAL_Driver/Inc/Legacy -I../Drivers/CMSIS/Device/ST/STM32C0xx/Include -I../Drivers/CMSIS/Include -I"C:/STJ Projects Files/STM32 CubeIDE Files/STM32C031-DK Board Lecture/STM32C0/stm32c0_adc_scan_dma/App/include" -I"C:/STJ Projects Files/STM32 CubeIDE Files/STM32C031-DK Board Lecture/STM32C0/stm32c0_adc_scan_dma/App" -O0 -ffunction-sections -fdata-sections -Wall -fstack-usage -MMD -MP -MF"Drivers/STM32C0xx_HAL_Driver/Src/stm32c0xx_hal_flash.d" -MT"Drivers/STM32C0xx_HAL_Driver/Src/stm32c0xx_hal_flash.o" --specs=nano.specs -mfloat-abi=soft -mthumb -o "Drivers/STM32C0xx_HAL_Driver/Src/stm32c0xx_hal_flash.o"
arm-none-eabi-gcc "../Drivers/STM32C0xx_HAL_Driver/Src/stm32c0xx_hal_flash_ex.c" -mcpu=cortex-m0plus -std=gnu11 -g3 -DDEBUG -DUSE_HAL_DRIVER -DSTM32C031xx -c -I../Core/Inc -I../Drivers/STM32C0xx_HAL_Driver/Inc -I../Drivers/STM32C0xx_HAL_Driver/Inc/Legacy -I../Drivers/CMSIS/Device/ST/STM32C0xx/Include -I../Drivers/CMSIS/Include -I"C:/STJ Projects Files/STM32 CubeIDE Files/STM32C031-DK Board Lecture/STM32C0/stm32c0_adc_scan_dma/App/include" -I"C:/STJ Projects Files/STM32 CubeIDE Files/STM32C031-DK Board Lecture/STM32C0/stm32c0_adc_scan_dma/App" -O0 -ffunction-sections -fdata-sections -Wall -fstack-usage -MMD -MP -MF"Drivers/STM32C0xx_HAL_Driver/Src/stm32c0xx_hal_flash_ex.d" -MT"Drivers/STM32C0xx_HAL_Driver/Src/stm32c0xx_hal_flash_ex.o" --specs=nano.specs -mfloat-abi=soft -mthumb -o "Drivers/STM32C0xx_HAL_Driver/Src/stm32c0xx_hal_flash_ex.o"
arm-none-eabi-gcc "../Drivers/STM32C0xx_HAL_Driver/Src/stm32c0xx_hal_gpio.c" -mcpu=cortex-m0plus -std=gnu11 -g3 -DDEBUG -DUSE_HAL_DRIVER -DSTM32C031xx -c -I../Core/Inc -I../Drivers/STM32C0xx_HAL_Driver/Inc -I../Drivers/STM32C0xx_HAL_Driver/Inc/Legacy -I../Drivers/CMSIS/Device/ST/STM32C0xx/Include -I../Drivers/CMSIS/Include -I"C:/STJ Projects Files/STM32 CubeIDE Files/STM32C031-DK Board Lecture/STM32C0/stm32c0_adc_scan_dma/App/include" -I"C:/STJ Projects Files/STM32 CubeIDE Files/STM32C031-DK Board Lecture/STM32C0/stm32c0_adc_scan_dma/App" -O0 -ffunction-sections -fdata-sections -Wall -fstack-usage -MMD -MP -MF"Drivers/STM32C0xx_HAL_Driver/Src/stm32c0xx_hal_gpio.d" -MT"Drivers/STM32C0xx_HAL_Driver/Src/stm32c0xx_hal_gpio.o" --specs=nano.specs -mfloat-abi=soft -mthumb -o "Drivers/STM32C0xx_HAL_Driver/Src/stm32c0xx_hal_gpio.o"
arm-none-eabi-gcc "../Drivers/STM32C0xx_HAL_Driver/Src/stm32c0xx_hal_pwr.c" -mcpu=cortex-m0plus -std=gnu11 -g3 -DDEBUG -DUSE_HAL_DRIVER -DSTM32C031xx -c -I../Core/Inc -I../Drivers/STM32C0xx_HAL_Driver/Inc -I../Drivers/STM32C0xx_HAL_Driver/Inc/Legacy -I../Drivers/CMSIS/Device/ST/STM32C0xx/Include -I../Drivers/CMSIS/Include -I"C:/STJ Projects Files/STM32 CubeIDE Files/STM32C031-DK Board Lecture/STM32C0/stm32c0_adc_scan_dma/App/include" -I"C:/STJ Projects Files/STM32 CubeIDE Files/STM32C031-DK Board Lecture/STM32C0/stm32c0_adc_scan_dma/App" -O0 -ffunction-sections -fdata-sections -Wall -fstack-usage -MMD -MP -MF"Drivers/STM32C0xx_HAL_Driver/Src/stm32c0xx_hal_pwr.d" -MT"Drivers/STM32C0xx_HAL_Driver/Src/stm32c0xx_hal_pwr.o" --specs=nano.specs -mfloat-abi=soft -mthumb -o "Drivers/STM32C0xx_HAL_Driver/Src/stm32c0xx_hal_pwr.o"
arm-none-eabi-gcc "../Drivers/STM32C0xx_HAL_Driver/Src/stm32c0xx_hal_pwr_ex.c" -mcpu=cortex-m0plus -std=gnu11 -g3 -DDEBUG -DUSE_HAL_DRIVER -DSTM32C031xx -c -I../Core/Inc -I../Drivers/STM32C0xx_HAL_Driver/Inc -I../Drivers/STM32C0xx_HAL_Driver/Inc/Legacy -I../Drivers/CMSIS/Device/ST/STM32C0xx/Include -I../Drivers/CMSIS/Include -I"C:/STJ Projects Files/STM32 CubeIDE Files/STM32C031-DK Board Lecture/STM32C0/stm32c0_adc_scan_dma/App/include" -I"C:/STJ Projects Files/STM32 CubeIDE Files/STM32C031-DK Board Lecture/STM32C0/stm32c0_adc_scan_dma/App" -O0 -ffunction-sections -fdata-sections -Wall -fstack-usage -MMD -MP -MF"Drivers/STM32C0xx_HAL_Driver/Src/stm32c0xx_hal_pwr_ex.d" -MT"Drivers/STM32C0xx_HAL_Driver/Src/stm32c0xx_hal_pwr_ex.o" --specs=nano.specs -mfloat-abi=soft -mthumb -o "Drivers/STM32C0xx_HAL_Driver/Src/stm32c0xx_hal_pwr_ex.o"
arm-none-eabi-gcc "../Drivers/STM32C0xx_HAL_Driver/Src/stm32c0xx_hal_rcc.c" -mcpu=cortex-m0plus -std=gnu11 -g3 -DDEBUG -DUSE_HAL_DRIVER -DSTM32C031xx -c -I../Core/Inc -I../Drivers/STM32C0xx_HAL_Driver/Inc -I../Drivers/STM32C0xx_HAL_Driver/Inc/Legacy -I../Drivers/CMSIS/Device/ST/STM32C0xx/Include -I../Drivers/CMSIS/Include -I"C:/STJ Projects Files/STM32 CubeIDE Files/STM32C031-DK Board Lecture/STM32C0/stm32c0_adc_scan_dma/App/include" -I"C:/STJ Projects Files/STM32 CubeIDE Files/STM32C031-DK Board Lecture/STM32C0/stm32c0_adc_scan_dma/App" -O0 -ffunction-sections -fdata-sections -Wall -fstack-usage -MMD -MP -MF"Drivers/STM32C0xx_HAL_Driver/Src/stm32c0xx_hal_rcc.d" -MT"Drivers/STM32C0xx_HAL_Driver/Src/stm32c0xx_hal_rcc.o" --specs=nano.specs -mfloat-abi=soft -mthumb -o "Drivers/STM32C0xx_HAL_Driver/Src/stm32c0xx_hal_rcc.o"
arm-none-eabi-gcc "../Drivers/STM32C0xx_HAL_Driver/Src/stm32c0xx_hal_rcc_ex.c" -mcpu=cortex-m0plus -std=gnu11 -g3 -DDEBUG -DUSE_HAL_DRIVER -DSTM32C031xx -c -I../Core/Inc -I../Drivers/STM32C0xx_HAL_Driver/Inc -I../Drivers/STM32C0xx_HAL_Driver/Inc/Legacy -I../Drivers/CMSIS/Device/ST/STM32C0xx/Include -I../Drivers/CMSIS/Include -I"C:/STJ Projects Files/STM32 CubeIDE Files/STM32C031-DK Board Lecture/STM32C0/stm32c0_adc_scan_dma/App/include" -I"C:/STJ Projects Files/STM32 CubeIDE Files/STM32C031-DK Board Lecture/STM32C0/stm32c0_adc_scan_dma/App" -O0 -ffunction-sections -fdata-sections -Wall -fstack-usage -MMD -MP -MF"Drivers/STM32C0xx_HAL_Driver/Src/stm32c0xx_hal_rcc_ex.d" -MT"Drivers/STM32C0xx_HAL_Driver/Src/stm32c0xx_hal_rcc_ex.o" --specs=nano.specs -mfloat-abi=soft -mthumb -o "Drivers/STM32C0xx_HAL_Driver/Src/stm32c0xx_hal_rcc_ex.o"
arm-none-eabi-gcc "../Drivers/STM32C0xx_HAL_Driver/Src/stm32c0xx_hal_tim.c" -mcpu=cortex-m0plus -std=gnu11 -g3 -DDEBUG -DUSE_HAL_DRIVER -DSTM32C031xx -c -I../Core/Inc -I../Drivers/STM32C0xx_HAL_Driver/Inc -I../Drivers/STM32C0xx_HAL_Driver/Inc/Legacy -I../Drivers/CMSIS/Device/ST/STM32C0xx/Include -I../Drivers/CMSIS/Include -I"C:/STJ Projects Files/STM32 CubeIDE Files/STM32C031-DK Board Lecture/STM32C0/stm32c0_adc_scan_dma/App/include" -I"C:/STJ Projects Files/STM32 CubeIDE Files/STM32C031-DK Board Lecture/STM32C0/stm32c0_adc_scan_dma/App" -O0 -ffunction-sections -fdata-sections -Wall -fstack-usage -MMD -MP -MF"Drivers/STM32C0xx_HAL_Driver/Src/stm32c0xx_hal_tim.d" -MT"Drivers/STM32C0xx_HAL_Driver/Src/stm32c0xx_hal_tim.o" --specs=nano.specs -mfloat-abi=soft -mthumb -o "Drivers/STM32C0xx_HAL_Driver/Src/stm32c0xx_hal_tim.o"
arm-none-eabi-gcc "../Drivers/STM32C0xx_HAL_Driver/Src/stm32c0xx_hal_tim_ex.c" -mcpu=cortex-m0plus -std=gnu11 -g3 -DDEBUG -DUSE_HAL_DRIVER -DSTM32C031xx -c -I../Core/Inc -I../Drivers/STM32C0xx_HAL_Driver/Inc -I../Drivers/STM32C0xx_HAL_Driver/Inc/Legacy -I../Drivers/CMSIS/Device/ST/STM32C0xx/Include -I../Drivers/CMSIS/Include -I"C:/STJ Projects Files/STM32 CubeIDE Files/STM32C031-DK Board Lecture/STM32C0/stm32c0_adc_scan_dma/App/include" -I"C:/STJ Projects Files/STM32 CubeIDE Files/STM32C031-DK Board Lecture/STM32C0/stm32c0_adc_scan_dma/App" -O0 -ffunction-sections -fdata-sections -Wall -fstack-usage -MMD -MP -MF"Drivers/STM32C0xx_HAL_Driver/Src/stm32c0xx_hal_tim_ex.d" -MT"Drivers/STM32C0xx_HAL_Driver/Src/stm32c0xx_hal_tim_ex.o" --specs=nano.specs -mfloat-abi=soft -mthumb -o "Drivers/STM32C0xx_HAL_Driver/Src/stm32c0xx_hal_tim_ex.o"
arm-none-eabi-gcc -mcpu=cortex-m0plus -g3 -DDEBUG -c -I"C:/STJ Projects Files/STM32 CubeIDE Files/STM32C031-DK Board Lecture/STM32C0/stm32c0_adc_scan_dma/App/include" -I"C:/STJ Projects Files/STM32 CubeIDE Files/STM32C031-DK Board Lecture/STM32C0/stm32c0_adc_scan_dma/App" -x assembler-with-cpp -MMD -MP -MF"Core/Startup/startup_stm32c031c6tx.d" -MT"Core/Startup/startup_stm32c031c6tx.o" --specs=nano.specs -mfloat-abi=soft -mthumb -o "Core/Startup/startup_stm32c031c6tx.o" "../Core/Startup/startup_stm32c031c6tx.s"
arm-none-eabi-gcc "../Core/Src/main.c" -mcpu=cortex-m0plus -std=gnu11 -g3 -DDEBUG -DUSE_HAL_DRIVER -DSTM32C031xx -c -I../Core/Inc -I../Drivers/STM32C0xx_HAL_Driver/Inc -I../Drivers/STM32C0xx_HAL_Driver/Inc/Legacy -I../Drivers/CMSIS/Device/ST/STM32C0xx/Include -I../Drivers/CMSIS/Include -I"C:/STJ Projects Files/STM32 CubeIDE Files/STM32C031-DK Board Lecture/STM32C0/stm32c0_adc_scan_dma/App/include" -I"C:/STJ Projects Files/STM32 CubeIDE Files/STM32C031-DK Board Lecture/STM32C0/stm32c0_adc_scan_dma/App" -O0 -ffunction-sections -fdata-sections -Wall -fstack-usage -MMD -MP -MF"Core/Src/main.d" -MT"Core/Src/main.o" --specs=nano.specs -mfloat-abi=soft -mthumb -o "Core/Src/main.o"
arm-none-eabi-gcc "../Core/Src/stm32c0xx_hal_msp.c" -mcpu=cortex-m0plus -std=gnu11 -g3 -DDEBUG -DUSE_HAL_DRIVER -DSTM32C031xx -c -I../Core/Inc -I../Drivers/STM32C0xx_HAL_Driver/Inc -I../Drivers/STM32C0xx_HAL_Driver/Inc/Legacy -I../Drivers/CMSIS/Device/ST/STM32C0xx/Include -I../Drivers/CMSIS/Include -I"C:/STJ Projects Files/STM32 CubeIDE Files/STM32C031-DK Board Lecture/STM32C0/stm32c0_adc_scan_dma/App/include" -I"C:/STJ Projects Files/STM32 CubeIDE Files/STM32C031-DK Board Lecture/STM32C0/stm32c0_adc_scan_dma/App" -O0 -ffunction-sections -fdata-sections -Wall -fstack-usage -MMD -MP -MF"Core/Src/stm32c0xx_hal_msp.d" -MT"Core/Src/stm32c0xx_hal_msp.o" --specs=nano.specs -mfloat-abi=soft -mthumb -o "Core/Src/stm32c0xx_hal_msp.o"
arm-none-eabi-gcc "../Core/Src/stm32c0xx_it.c" -mcpu=cortex-m0plus -std=gnu11 -g3 -DDEBUG -DUSE_HAL_DRIVER -DSTM32C031xx -c -I../Core/Inc -I../Drivers/STM32C0xx_HAL_Driver/Inc -I../Drivers/STM32C0xx_HAL_Driver/Inc/Legacy -I../Drivers/CMSIS/Device/ST/STM32C0xx/Include -I../Drivers/CMSIS/Include -I"C:/STJ Projects Files/STM32 CubeIDE Files/STM32C031-DK Board Lecture/STM32C0/stm32c0_adc_scan_dma/App/include" -I"C:/STJ Projects Files/STM32 CubeIDE Files/STM32C031-DK Board Lecture/STM32C0/stm32c0_adc_scan_dma/App" -O0 -ffunction-sections -fdata-sections -Wall -fstack-usage -MMD -MP -MF"Core/Src/stm32c0xx_it.d" -MT"Core/Src/stm32c0xx_it.o" --specs=nano.specs -mfloat-abi=soft -mthumb -o "Core/Src/stm32c0xx_it.o"
arm-none-eabi-gcc "../Core/Src/syscalls.c" -mcpu=cortex-m0plus -std=gnu11 -g3 -DDEBUG -DUSE_HAL_DRIVER -DSTM32C031xx -c -I../Core/Inc -I../Drivers/STM32C0xx_HAL_Driver/Inc -I../Drivers/STM32C0xx_HAL_Driver/Inc/Legacy -I../Drivers/CMSIS/Device/ST/STM32C0xx/Include -I../Drivers/CMSIS/Include -I"C:/STJ Projects Files/STM32 CubeIDE Files/STM32C031-DK Board Lecture/STM32C0/stm32c0_adc_scan_dma/App/include" -I"C:/STJ Projects Files/STM32 CubeIDE Files/STM32C031-DK Board Lecture/STM32C0/stm32c0_adc_scan_dma/App" -O0 -ffunction-sections -fdata-sections -Wall -fstack-usage -MMD -MP -MF"Core/Src/syscalls.d" -MT"Core/Src/syscalls.o" --specs=nano.specs -mfloat-abi=soft -mthumb -o "Core/Src/syscalls.o"
arm-none-eabi-gcc "../Core/Src/sysmem.c" -mcpu=cortex-m0plus -std=gnu11 -g3 -DDEBUG -DUSE_HAL_DRIVER -DSTM32C031xx -c -I../Core/Inc -I../Drivers/STM32C0xx_HAL_Driver/Inc -I../Drivers/STM32C0xx_HAL_Driver/Inc/Legacy -I../Drivers/CMSIS/Device/ST/STM32C0xx/Include -I../Drivers/CMSIS/Include -I"C:/STJ Projects Files/STM32 CubeIDE Files/STM32C031-DK Board Lecture/STM32C0/stm32c0_adc_scan_dma/App/include" -I"C:/STJ Projects Files/STM32 CubeIDE Files/STM32C031-DK Board Lecture/STM32C0/stm32c0_adc_scan_dma/App" -O0 -ffunction-sections -fdata-sections -Wall -fstack-usage -MMD -MP -MF"Core/Src/sysmem.d" -MT"Core/Src/sysmem.o" --specs=nano.specs -mfloat-abi=soft -mthumb -o "Core/Src/sysmem.o"
arm-none-eabi-gcc "../Core/Src/system_stm32c0xx.c" -mcpu=cortex-m0plus -std=gnu11 -g3 -DDEBUG -DUSE_HAL_DRIVER -DSTM32C031xx -c -I../Core/Inc -I../Drivers/STM32C0xx_HAL_Driver/Inc -I../Drivers/STM32C0xx_HAL_Driver/Inc/Legacy -I../Drivers/CMSIS/Device/ST/STM32C0xx/Include -I../Drivers/CMSIS/Include -I"C:/STJ Projects Files/STM32 CubeIDE Files/STM32C031-DK Board Lecture/STM32C0/stm32c0_adc_scan_dma/App/include" -I"C:/STJ Projects Files/STM32 CubeIDE Files/STM32C031-DK Board Lecture/STM32C0/stm32c0_adc_scan_dma/App" -O0 -ffunction-sections -fdata-sections -Wall -fstack-usage -MMD -MP -MF"Core/Src/system_stm32c0xx.d" -MT"Core/Src/system_stm32c0xx.o" --specs=nano.specs -mfloat-abi=soft -mthumb -o "Core/Src/system_stm32c0xx.o"
arm-none-eabi-gcc "../App/src/adc.c" -mcpu=cortex-m0plus -std=gnu11 -g3 -DDEBUG -DUSE_HAL_DRIVER -DSTM32C031xx -c -I../Core/Inc -I../Drivers/STM32C0xx_HAL_Driver/Inc -I../Drivers/STM32C0xx_HAL_Driver/Inc/Legacy -I../Drivers/CMSIS/Device/ST/STM32C0xx/Include -I../Drivers/CMSIS/Include -I"C:/STJ Projects Files/STM32 CubeIDE Files/STM32C031-DK Board Lecture/STM32C0/stm32c0_adc_scan_dma/App/include" -I"C:/STJ Projects Files/STM32 CubeIDE Files/STM32C031-DK Board Lecture/STM32C0/stm32c0_adc_scan_dma/App" -O0 -ffunction-sections -fdata-sections -Wall -fstack-usage -MMD -MP -MF"App/src/adc.d" -MT"App/src/adc.o" --specs=nano.specs -mfloat-abi=soft -mthumb -o "App/src/adc.o"
arm-none-eabi-gcc "../App/src/led.c" -mcpu=cortex-m0plus -std=gnu11 -g3 -DDEBUG -DUSE_HAL_DRIVER -DSTM32C031xx -c -I../Core/Inc -I../Drivers/STM32C0xx_HAL_Driver/Inc -I../Drivers/STM32C0xx_HAL_Driver/Inc/Legacy -I../Drivers/CMSIS/Device/ST/STM32C0xx/Include -I../Drivers/CMSIS/Include -I"C:/STJ Projects Files/STM32 CubeIDE Files/STM32C031-DK Board Lecture/STM32C0/stm32c0_adc_scan_dma/App/include" -I"C:/STJ Projects Files/STM32 CubeIDE Files/STM32C031-DK Board Lecture/STM32C0/stm32c0_adc_scan_dma/App" -O0 -ffunction-sections -fdata-sections -Wall -fstack-usage -MMD -MP -MF"App/src/led.d" -MT"App/src/led.o" --specs=nano.specs -mfloat-abi=soft -mthumb -o "App/src/led.o"
arm-none-eabi-gcc "../App/src/pwm.c" -mcpu=cortex-m0plus -std=gnu11 -g3 -DDEBUG -DUSE_HAL_DRIVER -DSTM32C031xx -c -I../Core/Inc -I../Drivers/STM32C0xx_HAL_Driver/Inc -I../Drivers/STM32C0xx_HAL_Driver/Inc/Legacy -I../Drivers/CMSIS/Device/ST/STM32C0xx/Include -I../Drivers/CMSIS/Include -I"C:/STJ Projects Files/STM32 CubeIDE Files/STM32C031-DK Board Lecture/STM32C0/stm32c0_adc_scan_dma/App/include" -I"C:/STJ Projects Files/STM32 CubeIDE Files/STM32C031-DK Board Lecture/STM32C0/stm32c0_adc_scan_dma/App" -O0 -ffunction-sections -fdata-sections -Wall -fstack-usage -MMD -MP -MF"App/src/pwm.d" -MT"App/src/pwm.o" --specs=nano.specs -mfloat-abi=soft -mthumb -o "App/src/pwm.o"
arm-none-eabi-gcc "../App/src/utils.c" -mcpu=cortex-m0plus -std=gnu11 -g3 -DDEBUG -DUSE_HAL_DRIVER -DSTM32C031xx -c -I../Core/Inc -I../Drivers/STM32C0xx_HAL_Driver/Inc -I../Drivers/STM32C0xx_HAL_Driver/Inc/Legacy -I../Drivers/CMSIS/Device/ST/STM32C0xx/Include -I../Drivers/CMSIS/Include -I"C:/STJ Projects Files/STM32 CubeIDE Files/STM32C031-DK Board Lecture/STM32C0/stm32c0_adc_scan_dma/App/include" -I"C:/STJ Projects Files/STM32 CubeIDE Files/STM32C031-DK Board Lecture/STM32C0/stm32c0_adc_scan_dma/App" -O0 -ffunction-sections -fdata-sections -Wall -fstack-usage -MMD -MP -MF"App/src/utils.d" -MT"App/src/utils.o" --specs=nano.specs -mfloat-abi=soft -mthumb -o "App/src/utils.o"
arm-none-eabi-gcc "../App/ap.c" -mcpu=cortex-m0plus -std=gnu11 -g3 -DDEBUG -DUSE_HAL_DRIVER -DSTM32C031xx -c -I../Core/Inc -I../Drivers/STM32C0xx_HAL_Driver/Inc -I../Drivers/STM32C0xx_HAL_Driver/Inc/Legacy -I../Drivers/CMSIS/Device/ST/STM32C0xx/Include -I../Drivers/CMSIS/Include -I"C:/STJ Projects Files/STM32 CubeIDE Files/STM32C031-DK Board Lecture/STM32C0/stm32c0_adc_scan_dma/App/include" -I"C:/STJ Projects Files/STM32 CubeIDE Files/STM32C031-DK Board Lecture/STM32C0/stm32c0_adc_scan_dma/App" -O0 -ffunction-sections -fdata-sections -Wall -fstack-usage -MMD -MP -MF"App/ap.d" -MT"App/ap.o" --specs=nano.specs -mfloat-abi=soft -mthumb -o "App/ap.o"
arm-none-eabi-gcc -o "stm32c0_adc_scan_dma.elf" @"objects.list"   -mcpu=cortex-m0plus -T"C:\STJ Projects Files\STM32 CubeIDE Files\STM32C031-DK Board Lecture\STM32C0\stm32c0_adc_scan_dma\STM32C031C6TX_FLASH.ld" --specs=nosys.specs -Wl,-Map="stm32c0_adc_scan_dma.map" -Wl,--gc-sections -static --specs=nano.specs -mfloat-abi=soft -mthumb -Wl,--start-group -lc -lm -Wl,--end-group
Finished building target: stm32c0_adc_scan_dma.elf
 
arm-none-eabi-size   stm32c0_adc_scan_dma.elf 
arm-none-eabi-objdump -h -S  stm32c0_adc_scan_dma.elf  > "stm32c0_adc_scan_dma.list"
   text	   data	    bss	    dec	    hex	filename
  16832	     24	   1856	  18712	   4918	stm32c0_adc_scan_dma.elf
Finished building: default.size.stdout
 
Finished building: stm32c0_adc_scan_dma.list
 

21:04:18 Build Finished. 0 errors, 0 warnings. (took 1s.387ms)

