21:20:18 **** Incremental Build of configuration Debug for project stm32c0_pwm ****
make -j12 all 
arm-none-eabi-gcc "../App/ap.c" -mcpu=cortex-m0plus -std=gnu11 -g3 -DDEBUG -DUSE_HAL_DRIVER -DSTM32C031xx -c -I../Core/Inc -I../Drivers/STM32C0xx_HAL_Driver/Inc -I../Drivers/STM32C0xx_HAL_Driver/Inc/Legacy -I../Drivers/CMSIS/Device/ST/STM32C0xx/Include -I../Drivers/CMSIS/Include -I"C:/STJ Projects Files/STM32 CubeIDE Files/STM32C031-DK Board Lecture/STM32C0/stm32c0_pwm/App" -I"C:/STJ Projects Files/STM32 CubeIDE Files/STM32C031-DK Board Lecture/STM32C0/stm32c0_pwm/App/include" -O0 -ffunction-sections -fdata-sections -Wall -fstack-usage -MMD -MP -MF"App/ap.d" -MT"App/ap.o" --specs=nano.specs -mfloat-abi=soft -mthumb -o "App/ap.o"
arm-none-eabi-gcc -o "stm32c0_pwm.elf" @"objects.list"   -mcpu=cortex-m0plus -T"C:\STJ Projects Files\STM32 CubeIDE Files\STM32C031-DK Board Lecture\STM32C0\stm32c0_pwm\STM32C031C6TX_FLASH.ld" --specs=nosys.specs -Wl,-Map="stm32c0_pwm.map" -Wl,--gc-sections -static --specs=nano.specs -mfloat-abi=soft -mthumb -Wl,--start-group -lc -lm -Wl,--end-group
Finished building target: stm32c0_pwm.elf
 
arm-none-eabi-size   stm32c0_pwm.elf 
arm-none-eabi-objdump -h -S  stm32c0_pwm.elf  > "stm32c0_pwm.list"
   text	   data	    bss	    dec	    hex	filename
   9524	     24	   1648	  11196	   2bbc	stm32c0_pwm.elf
Finished building: default.size.stdout
 
Finished building: stm32c0_pwm.list
 

21:20:19 Build Finished. 0 errors, 0 warnings. (took 624ms)

